MPLINK 4.49, Linker
Linker Map File - Created Sat Jul 07 17:17:21 2018

                                 Section Info
                  Section       Type    Address   Location Size(Bytes)
                ---------  ---------  ---------  ---------  ---------
                   .org_0       code   0x000000    program   0x000006
                   .org_1       code   0x000008    program   0x00000a
                   .org_2       code   0x000016    program   0x000002
                   .org_3       code   0x000018    program   0x000004
        XTEA_KEYS_SECTION       code   0x00001c    program   0x00001c
          USB_DESCRIPTORS       code   0x000038    program   0x00005d
                   .cinit    romdata   0x000095    program   0x000002
            BOOT_ASM_CODE       code   0x000098    program   0x0005be
                XTEA_CODE       code   0x000656    program   0x000192
                  APPSTRT       code   0x000800    program   0x000002
    .config_300000_BOOT.O    romdata   0x300000    program   0x000001
    .config_300001_BOOT.O    romdata   0x300001    program   0x000001
    .config_300002_BOOT.O    romdata   0x300002    program   0x000001
    .config_300003_BOOT.O    romdata   0x300003    program   0x000001
    .config_300005_BOOT.O    romdata   0x300005    program   0x000001
    .config_300006_BOOT.O    romdata   0x300006    program   0x000001
    .config_300008_BOOT.O    romdata   0x300008    program   0x000001
    .config_300009_BOOT.O    romdata   0x300009    program   0x000001
    .config_30000A_BOOT.O    romdata   0x30000a    program   0x000001
    .config_30000B_BOOT.O    romdata   0x30000b    program   0x000001
    .config_30000C_BOOT.O    romdata   0x30000c    program   0x000001
    .config_30000D_BOOT.O    romdata   0x30000d    program   0x000001
                BOOT_DATA      udata   0x000000       data   0x0000b0
                  USB_BDT      udata   0x000400       data   0x000090
                  USB_HID      udata   0x000500       data   0x000080



                              Program Memory Usage 
                               Start         End      
                           ---------   ---------      
                            0x000000    0x000005      
                            0x000008    0x000011      
                            0x000016    0x000096      
                            0x000098    0x0007e7      
                            0x000800    0x000801      
                            0x300000    0x300003      
                            0x300005    0x300006      
                            0x300008    0x30000d      
            2031 out of 2330 program addresses used, program memory utilization is 87%



                              Symbols - Sorted by Name
                     Name    Address   Location    Storage File                     
                ---------  ---------  ---------  --------- ---------                
                    DELTA   0x00002c    program     static L:\Software\Projects\Git\MicrochipCoff\Examples\ASM\DioLAN\src\xtea.asm
               DELTA_ITER   0x000034    program     static L:\Software\Projects\Git\MicrochipCoff\Examples\ASM\DioLAN\src\xtea.asm
              MINUS_DELTA   0x000030    program     static L:\Software\Projects\Git\MicrochipCoff\Examples\ASM\DioLAN\src\xtea.asm
             USB_CFG_DESC   0x00004a    program     extern L:\Software\Projects\Git\MicrochipCoff\Examples\ASM\DioLAN\src\usb_desc.asm
   USB_CFG_DESC_Total_end   0x00006c    program     static L:\Software\Projects\Git\MicrochipCoff\Examples\ASM\DioLAN\src\usb_desc.asm
   USB_CFG_DESC_bCfgValue   0x00004f    program     static L:\Software\Projects\Git\MicrochipCoff\Examples\ASM\DioLAN\src\usb_desc.asm
    USB_CFG_DESC_bDscType   0x00004b    program     static L:\Software\Projects\Git\MicrochipCoff\Examples\ASM\DioLAN\src\usb_desc.asm
     USB_CFG_DESC_bLength   0x00004a    program     static L:\Software\Projects\Git\MicrochipCoff\Examples\ASM\DioLAN\src\usb_desc.asm
   USB_CFG_DESC_bMaxPower   0x000052    program     static L:\Software\Projects\Git\MicrochipCoff\Examples\ASM\DioLAN\src\usb_desc.asm
    USB_CFG_DESC_bNumIntf   0x00004e    program     static L:\Software\Projects\Git\MicrochipCoff\Examples\ASM\DioLAN\src\usb_desc.asm
USB_CFG_DESC_bmAttributes   0x000051    program     static L:\Software\Projects\Git\MicrochipCoff\Examples\ASM\DioLAN\src\usb_desc.asm
         USB_CFG_DESC_end   0x000053    program     extern L:\Software\Projects\Git\MicrochipCoff\Examples\ASM\DioLAN\src\usb_desc.asm
        USB_CFG_DESC_iCfg   0x000050    program     static L:\Software\Projects\Git\MicrochipCoff\Examples\ASM\DioLAN\src\usb_desc.asm
USB_CFG_DESC_wTotalLength   0x00004c    program     static L:\Software\Projects\Git\MicrochipCoff\Examples\ASM\DioLAN\src\usb_desc.asm
     USB_DESC_END_SECTION   0x000095    program     static L:\Software\Projects\Git\MicrochipCoff\Examples\ASM\DioLAN\src\usb_desc.asm
             USB_DEV_DESC   0x000038    program     extern L:\Software\Projects\Git\MicrochipCoff\Examples\ASM\DioLAN\src\usb_desc.asm
     USB_DEV_DESC_bDevCls   0x00003c    program     static L:\Software\Projects\Git\MicrochipCoff\Examples\ASM\DioLAN\src\usb_desc.asm
USB_DEV_DESC_bDevProtocol   0x00003e    program     static L:\Software\Projects\Git\MicrochipCoff\Examples\ASM\DioLAN\src\usb_desc.asm
  USB_DEV_DESC_bDevSubCls   0x00003d    program     static L:\Software\Projects\Git\MicrochipCoff\Examples\ASM\DioLAN\src\usb_desc.asm
    USB_DEV_DESC_bDscType   0x000039    program     static L:\Software\Projects\Git\MicrochipCoff\Examples\ASM\DioLAN\src\usb_desc.asm
     USB_DEV_DESC_bLength   0x000038    program     static L:\Software\Projects\Git\MicrochipCoff\Examples\ASM\DioLAN\src\usb_desc.asm
USB_DEV_DESC_bMaxPktSize0   0x00003f    program     static L:\Software\Projects\Git\MicrochipCoff\Examples\ASM\DioLAN\src\usb_desc.asm
     USB_DEV_DESC_bNumCfg   0x000049    program     static L:\Software\Projects\Git\MicrochipCoff\Examples\ASM\DioLAN\src\usb_desc.asm
   USB_DEV_DESC_bcdDevice   0x000044    program     static L:\Software\Projects\Git\MicrochipCoff\Examples\ASM\DioLAN\src\usb_desc.asm
      USB_DEV_DESC_bcdUSB   0x00003a    program     static L:\Software\Projects\Git\MicrochipCoff\Examples\ASM\DioLAN\src\usb_desc.asm
         USB_DEV_DESC_end   0x00004a    program     extern L:\Software\Projects\Git\MicrochipCoff\Examples\ASM\DioLAN\src\usb_desc.asm
        USB_DEV_DESC_iMfg   0x000046    program     static L:\Software\Projects\Git\MicrochipCoff\Examples\ASM\DioLAN\src\usb_desc.asm
    USB_DEV_DESC_iProduct   0x000047    program     static L:\Software\Projects\Git\MicrochipCoff\Examples\ASM\DioLAN\src\usb_desc.asm
  USB_DEV_DESC_iSerialNum   0x000048    program     static L:\Software\Projects\Git\MicrochipCoff\Examples\ASM\DioLAN\src\usb_desc.asm
   USB_DEV_DESC_idProduct   0x000042    program     static L:\Software\Projects\Git\MicrochipCoff\Examples\ASM\DioLAN\src\usb_desc.asm
    USB_DEV_DESC_idVendor   0x000040    program     static L:\Software\Projects\Git\MicrochipCoff\Examples\ASM\DioLAN\src\usb_desc.asm
              USB_EP_DESC   0x000065    program     extern L:\Software\Projects\Git\MicrochipCoff\Examples\ASM\DioLAN\src\usb_desc.asm
     USB_EP_DESC_bDscType   0x000066    program     static L:\Software\Projects\Git\MicrochipCoff\Examples\ASM\DioLAN\src\usb_desc.asm
       USB_EP_DESC_bEPAdr   0x000067    program     static L:\Software\Projects\Git\MicrochipCoff\Examples\ASM\DioLAN\src\usb_desc.asm
    USB_EP_DESC_bInterval   0x00006b    program     static L:\Software\Projects\Git\MicrochipCoff\Examples\ASM\DioLAN\src\usb_desc.asm
      USB_EP_DESC_bLength   0x000065    program     static L:\Software\Projects\Git\MicrochipCoff\Examples\ASM\DioLAN\src\usb_desc.asm
 USB_EP_DESC_bmAttributes   0x000068    program     static L:\Software\Projects\Git\MicrochipCoff\Examples\ASM\DioLAN\src\usb_desc.asm
          USB_EP_DESC_end   0x00006c    program     extern L:\Software\Projects\Git\MicrochipCoff\Examples\ASM\DioLAN\src\usb_desc.asm
  USB_EP_DESC_wMaxPktSize   0x000069    program     static L:\Software\Projects\Git\MicrochipCoff\Examples\ASM\DioLAN\src\usb_desc.asm
             USB_HID_DESC   0x00005c    program     extern L:\Software\Projects\Git\MicrochipCoff\Examples\ASM\DioLAN\src\usb_desc.asm
USB_HID_DESC_HDR_bDscType   0x000062    program     static L:\Software\Projects\Git\MicrochipCoff\Examples\ASM\DioLAN\src\usb_desc.asm
USB_HID_DESC_bCountryCode   0x000060    program     static L:\Software\Projects\Git\MicrochipCoff\Examples\ASM\DioLAN\src\usb_desc.asm
    USB_HID_DESC_bDscType   0x00005d    program     static L:\Software\Projects\Git\MicrochipCoff\Examples\ASM\DioLAN\src\usb_desc.asm
     USB_HID_DESC_bLength   0x00005c    program     static L:\Software\Projects\Git\MicrochipCoff\Examples\ASM\DioLAN\src\usb_desc.asm
     USB_HID_DESC_bNumDsc   0x000061    program     static L:\Software\Projects\Git\MicrochipCoff\Examples\ASM\DioLAN\src\usb_desc.asm
      USB_HID_DESC_bcdHID   0x00005e    program     static L:\Software\Projects\Git\MicrochipCoff\Examples\ASM\DioLAN\src\usb_desc.asm
         USB_HID_DESC_end   0x000065    program     extern L:\Software\Projects\Git\MicrochipCoff\Examples\ASM\DioLAN\src\usb_desc.asm
  USB_HID_DESC_wDscLength   0x000063    program     static L:\Software\Projects\Git\MicrochipCoff\Examples\ASM\DioLAN\src\usb_desc.asm
              USB_HID_RPT   0x00006c    program     extern L:\Software\Projects\Git\MicrochipCoff\Examples\ASM\DioLAN\src\usb_desc.asm
          USB_HID_RPT_end   0x000083    program     extern L:\Software\Projects\Git\MicrochipCoff\Examples\ASM\DioLAN\src\usb_desc.asm
              USB_IF_DESC   0x000053    program     extern L:\Software\Projects\Git\MicrochipCoff\Examples\ASM\DioLAN\src\usb_desc.asm
  USB_IF_DESC_bAltSetting   0x000056    program     static L:\Software\Projects\Git\MicrochipCoff\Examples\ASM\DioLAN\src\usb_desc.asm
     USB_IF_DESC_bDscType   0x000054    program     static L:\Software\Projects\Git\MicrochipCoff\Examples\ASM\DioLAN\src\usb_desc.asm
     USB_IF_DESC_bIntfCls   0x000058    program     static L:\Software\Projects\Git\MicrochipCoff\Examples\ASM\DioLAN\src\usb_desc.asm
     USB_IF_DESC_bIntfNum   0x000055    program     static L:\Software\Projects\Git\MicrochipCoff\Examples\ASM\DioLAN\src\usb_desc.asm
USB_IF_DESC_bIntfProtocol   0x00005a    program     static L:\Software\Projects\Git\MicrochipCoff\Examples\ASM\DioLAN\src\usb_desc.asm
  USB_IF_DESC_bIntfSubCls   0x000059    program     static L:\Software\Projects\Git\MicrochipCoff\Examples\ASM\DioLAN\src\usb_desc.asm
      USB_IF_DESC_bLength   0x000053    program     static L:\Software\Projects\Git\MicrochipCoff\Examples\ASM\DioLAN\src\usb_desc.asm
      USB_IF_DESC_bNumEPs   0x000057    program     static L:\Software\Projects\Git\MicrochipCoff\Examples\ASM\DioLAN\src\usb_desc.asm
          USB_IF_DESC_end   0x00005c    program     extern L:\Software\Projects\Git\MicrochipCoff\Examples\ASM\DioLAN\src\usb_desc.asm
        USB_IF_DESC_iIntf   0x00005b    program     static L:\Software\Projects\Git\MicrochipCoff\Examples\ASM\DioLAN\src\usb_desc.asm
            USB_LANG_DESC   0x000083    program     extern L:\Software\Projects\Git\MicrochipCoff\Examples\ASM\DioLAN\src\usb_desc.asm
   USB_LANG_DESC_bDscType   0x000084    program     static L:\Software\Projects\Git\MicrochipCoff\Examples\ASM\DioLAN\src\usb_desc.asm
    USB_LANG_DESC_bLength   0x000083    program     static L:\Software\Projects\Git\MicrochipCoff\Examples\ASM\DioLAN\src\usb_desc.asm
        USB_LANG_DESC_end   0x000087    program     extern L:\Software\Projects\Git\MicrochipCoff\Examples\ASM\DioLAN\src\usb_desc.asm
     USB_LANG_DESC_string   0x000085    program     static L:\Software\Projects\Git\MicrochipCoff\Examples\ASM\DioLAN\src\usb_desc.asm
             USB_MFG_DESC   0x000087    program     extern L:\Software\Projects\Git\MicrochipCoff\Examples\ASM\DioLAN\src\usb_desc.asm
    USB_MFG_DESC_bDscType   0x000088    program     static L:\Software\Projects\Git\MicrochipCoff\Examples\ASM\DioLAN\src\usb_desc.asm
     USB_MFG_DESC_bLength   0x000087    program     static L:\Software\Projects\Git\MicrochipCoff\Examples\ASM\DioLAN\src\usb_desc.asm
         USB_MFG_DESC_end   0x000095    program     extern L:\Software\Projects\Git\MicrochipCoff\Examples\ASM\DioLAN\src\usb_desc.asm
             XTEA_KEY_VAL   0x00001c    program     static L:\Software\Projects\Git\MicrochipCoff\Examples\ASM\DioLAN\src\xtea.asm
            _APPSTRT_0800   0x000800    program     static L:\Software\Projects\Git\MicrochipCoff\Examples\ASM\DioLAN\src\vectors.asm
      _BOOT_ASM_CODE_000C   0x000226    program     static L:\Software\Projects\Git\MicrochipCoff\Examples\ASM\DioLAN\src\usb.asm
      _BOOT_ASM_CODE_0094   0x00012c    program     static L:\Software\Projects\Git\MicrochipCoff\Examples\ASM\DioLAN\src\boot_asm.asm
      _BOOT_ASM_CODE_00B4   0x0002ce    program     static L:\Software\Projects\Git\MicrochipCoff\Examples\ASM\DioLAN\src\usb.asm
      _BOOT_ASM_CODE_0118   0x0001b0    program     static L:\Software\Projects\Git\MicrochipCoff\Examples\ASM\DioLAN\src\boot_asm.asm
      _BOOT_ASM_CODE_011C   0x0001b4    program     static L:\Software\Projects\Git\MicrochipCoff\Examples\ASM\DioLAN\src\boot_asm.asm
      _BOOT_ASM_CODE_014E   0x0001e6    program     static L:\Software\Projects\Git\MicrochipCoff\Examples\ASM\DioLAN\src\boot_asm.asm
                  _xtea_1   0x000774    program     static L:\Software\Projects\Git\MicrochipCoff\Examples\ASM\DioLAN\src\xtea.asm
      add_FSR0_sum_TBLPTR   0x0007c6    program     static L:\Software\Projects\Git\MicrochipCoff\Examples\ASM\DioLAN\src\xtea.asm
            add_FSR1_tmp1   0x000764    program     static L:\Software\Projects\Git\MicrochipCoff\Examples\ASM\DioLAN\src\xtea.asm
            add_sum_const   0x0007c0    program     static L:\Software\Projects\Git\MicrochipCoff\Examples\ASM\DioLAN\src\xtea.asm
            add_tmp1_FSR2   0x00078a    program     static L:\Software\Projects\Git\MicrochipCoff\Examples\ASM\DioLAN\src\xtea.asm
              after_iters   0x0006d8    program     static L:\Software\Projects\Git\MicrochipCoff\Examples\ASM\DioLAN\src\xtea.asm
               bootloader   0x00051a    program     extern L:\Software\Projects\Git\MicrochipCoff\Examples\ASM\DioLAN\src\boot.asm
          bootloader_loop   0x000522    program     static L:\Software\Projects\Git\MicrochipCoff\Examples\ASM\DioLAN\src\boot.asm
    bootloader_soft_reset   0x0001a2    program     extern L:\Software\Projects\Git\MicrochipCoff\Examples\ASM\DioLAN\src\boot_asm.asm
                  calc_x1   0x0006e2    program     static L:\Software\Projects\Git\MicrochipCoff\Examples\ASM\DioLAN\src\xtea.asm
                  calc_x2   0x0006ec    program     static L:\Software\Projects\Git\MicrochipCoff\Examples\ASM\DioLAN\src\xtea.asm
             clr_eep_mark   0x0001d0    program     static L:\Software\Projects\Git\MicrochipCoff\Examples\ASM\DioLAN\src\boot_asm.asm
            copy_boot_rep   0x0001b8    program     extern L:\Software\Projects\Git\MicrochipCoff\Examples\ASM\DioLAN\src\boot_asm.asm
       copy_boot_rep_loop   0x0001c4    program     static L:\Software\Projects\Git\MicrochipCoff\Examples\ASM\DioLAN\src\boot_asm.asm
              eeprom_init   0x00014a    program     static L:\Software\Projects\Git\MicrochipCoff\Examples\ASM\DioLAN\src\boot_asm.asm
             eeprom_write   0x000208    program     static L:\Software\Projects\Git\MicrochipCoff\Examples\ASM\DioLAN\src\boot_asm.asm
               erase_code   0x000098    program     static L:\Software\Projects\Git\MicrochipCoff\Examples\ASM\DioLAN\src\boot_asm.asm
          erase_code_loop   0x00009a    program     static L:\Software\Projects\Git\MicrochipCoff\Examples\ASM\DioLAN\src\boot_asm.asm
              flash_write   0x000206    program     static L:\Software\Projects\Git\MicrochipCoff\Examples\ASM\DioLAN\src\boot_asm.asm
           get_fw_version   0x000194    program     static L:\Software\Projects\Git\MicrochipCoff\Examples\ASM\DioLAN\src\boot_asm.asm
          hid_process_cmd   0x000158    program     extern L:\Software\Projects\Git\MicrochipCoff\Examples\ASM\DioLAN\src\boot_asm.asm
          hid_send_report   0x0005b0    program     extern L:\Software\Projects\Git\MicrochipCoff\Examples\ASM\DioLAN\src\boot.asm
      hid_send_report_end   0x0005ce    program     static L:\Software\Projects\Git\MicrochipCoff\Examples\ASM\DioLAN\src\boot.asm
             load_address   0x0001f4    program     static L:\Software\Projects\Git\MicrochipCoff\Examples\ASM\DioLAN\src\boot_asm.asm
       load_address_size8   0x0001ec    program     static L:\Software\Projects\Git\MicrochipCoff\Examples\ASM\DioLAN\src\boot_asm.asm
               load_shift   0x000714    program     static L:\Software\Projects\Git\MicrochipCoff\Examples\ASM\DioLAN\src\xtea.asm
       load_shift_xor_add   0x0006f4    program     static L:\Software\Projects\Git\MicrochipCoff\Examples\ASM\DioLAN\src\xtea.asm
                   lsl4_0   0x00073c    program     static L:\Software\Projects\Git\MicrochipCoff\Examples\ASM\DioLAN\src\xtea.asm
                   lsl5_0   0x000752    program     static L:\Software\Projects\Git\MicrochipCoff\Examples\ASM\DioLAN\src\xtea.asm
                     main   0x000500    program     extern L:\Software\Projects\Git\MicrochipCoff\Examples\ASM\DioLAN\src\boot.asm
                 pre_main   0x00000c    program     static L:\Software\Projects\Git\MicrochipCoff\Examples\ASM\DioLAN\src\vectors.asm
             rdwr_id_init   0x00010e    program     static L:\Software\Projects\Git\MicrochipCoff\Examples\ASM\DioLAN\src\boot_asm.asm
           rdwr_id_return   0x0000f2    program     static L:\Software\Projects\Git\MicrochipCoff\Examples\ASM\DioLAN\src\boot_asm.asm
                read_code   0x0000ac    program     static L:\Software\Projects\Git\MicrochipCoff\Examples\ASM\DioLAN\src\boot_asm.asm
           read_code_loop   0x0000b2    program     static L:\Software\Projects\Git\MicrochipCoff\Examples\ASM\DioLAN\src\boot_asm.asm
              read_eeprom   0x000136    program     static L:\Software\Projects\Git\MicrochipCoff\Examples\ASM\DioLAN\src\boot_asm.asm
         read_eeprom_loop   0x00013c    program     static L:\Software\Projects\Git\MicrochipCoff\Examples\ASM\DioLAN\src\boot_asm.asm
                  read_id   0x0000e2    program     static L:\Software\Projects\Git\MicrochipCoff\Examples\ASM\DioLAN\src\boot_asm.asm
             read_id_loop   0x0000e8    program     static L:\Software\Projects\Git\MicrochipCoff\Examples\ASM\DioLAN\src\boot_asm.asm
        restore_fsr1_fsr2   0x000676    program     extern L:\Software\Projects\Git\MicrochipCoff\Examples\ASM\DioLAN\src\xtea.asm
   return_hid_process_cmd   0x000192    program     static L:\Software\Projects\Git\MicrochipCoff\Examples\ASM\DioLAN\src\boot_asm.asm
             set_eep_mark   0x0001d6    program     static L:\Software\Projects\Git\MicrochipCoff\Examples\ASM\DioLAN\src\boot_asm.asm
               soft_reset   0x0001a6    program     static L:\Software\Projects\Git\MicrochipCoff\Examples\ASM\DioLAN\src\boot_asm.asm
              soft_reset2   0x0001a8    program     static L:\Software\Projects\Git\MicrochipCoff\Examples\ASM\DioLAN\src\boot_asm.asm
          store_fsr1_fsr2   0x0006b8    program     extern L:\Software\Projects\Git\MicrochipCoff\Examples\ASM\DioLAN\src\xtea.asm
            sub_FSR1_tmp1   0x000778    program     static L:\Software\Projects\Git\MicrochipCoff\Examples\ASM\DioLAN\src\xtea.asm
                  sum_key   0x0007b0    program     static L:\Software\Projects\Git\MicrochipCoff\Examples\ASM\DioLAN\src\xtea.asm
          sum_key_xor_add   0x000704    program     static L:\Software\Projects\Git\MicrochipCoff\Examples\ASM\DioLAN\src\xtea.asm
          sum_key_xor_sub   0x00070c    program     static L:\Software\Projects\Git\MicrochipCoff\Examples\ASM\DioLAN\src\xtea.asm
              unknown_cmd   0x00018e    program     static L:\Software\Projects\Git\MicrochipCoff\Examples\ASM\DioLAN\src\boot_asm.asm
                 usb_init   0x00021a    program     extern L:\Software\Projects\Git\MicrochipCoff\Examples\ASM\DioLAN\src\usb.asm
       usb_sm_HID_init_EP   0x000598    program     extern L:\Software\Projects\Git\MicrochipCoff\Examples\ASM\DioLAN\src\boot.asm
       usb_sm_HID_request   0x0005d0    program     extern L:\Software\Projects\Git\MicrochipCoff\Examples\ASM\DioLAN\src\boot.asm
   usb_sm_HID_request_end   0x000654    program     static L:\Software\Projects\Git\MicrochipCoff\Examples\ASM\DioLAN\src\boot.asm
        usb_sm_HID_rq_cls   0x00061a    program     static L:\Software\Projects\Git\MicrochipCoff\Examples\ASM\DioLAN\src\boot.asm
     usb_sm_HID_rq_cls_rq   0x000624    program     static L:\Software\Projects\Git\MicrochipCoff\Examples\ASM\DioLAN\src\boot.asm
 usb_sm_HID_rq_cls_rq_end   0x00064e    program     static L:\Software\Projects\Git\MicrochipCoff\Examples\ASM\DioLAN\src\boot.asm
usb_sm_HID_rq_cls_rq_end_ses   0x000652    program     static L:\Software\Projects\Git\MicrochipCoff\Examples\ASM\DioLAN\src\boot.asm
usb_sm_HID_rq_cls_rq_gidle   0x000654    program     static L:\Software\Projects\Git\MicrochipCoff\Examples\ASM\DioLAN\src\boot.asm
usb_sm_HID_rq_cls_rq_gprot   0x000654    program     static L:\Software\Projects\Git\MicrochipCoff\Examples\ASM\DioLAN\src\boot.asm
usb_sm_HID_rq_cls_rq_grpt   0x000640    program     static L:\Software\Projects\Git\MicrochipCoff\Examples\ASM\DioLAN\src\boot.asm
usb_sm_HID_rq_cls_rq_grpt_end   0x000642    program     static L:\Software\Projects\Git\MicrochipCoff\Examples\ASM\DioLAN\src\boot.asm
usb_sm_HID_rq_cls_rq_sidle   0x000654    program     static L:\Software\Projects\Git\MicrochipCoff\Examples\ASM\DioLAN\src\boot.asm
usb_sm_HID_rq_cls_rq_sprot   0x000654    program     static L:\Software\Projects\Git\MicrochipCoff\Examples\ASM\DioLAN\src\boot.asm
usb_sm_HID_rq_cls_rq_srpt   0x000644    program     static L:\Software\Projects\Git\MicrochipCoff\Examples\ASM\DioLAN\src\boot.asm
usb_sm_HID_rq_cls_rq_srpt_end   0x00064c    program     static L:\Software\Projects\Git\MicrochipCoff\Examples\ASM\DioLAN\src\boot.asm
usb_sm_HID_rq_cls_rq_unknown   0x00063e    program     static L:\Software\Projects\Git\MicrochipCoff\Examples\ASM\DioLAN\src\boot.asm
    usb_sm_HID_rq_dsc_end   0x000612    program     static L:\Software\Projects\Git\MicrochipCoff\Examples\ASM\DioLAN\src\boot.asm
    usb_sm_HID_rq_dsc_hid   0x0005f8    program     static L:\Software\Projects\Git\MicrochipCoff\Examples\ASM\DioLAN\src\boot.asm
usb_sm_HID_rq_dsc_hid_end   0x000602    program     static L:\Software\Projects\Git\MicrochipCoff\Examples\ASM\DioLAN\src\boot.asm
    usb_sm_HID_rq_dsc_phy   0x000610    program     static L:\Software\Projects\Git\MicrochipCoff\Examples\ASM\DioLAN\src\boot.asm
usb_sm_HID_rq_dsc_phy_end   0x000610    program     static L:\Software\Projects\Git\MicrochipCoff\Examples\ASM\DioLAN\src\boot.asm
    usb_sm_HID_rq_dsc_rpt   0x000604    program     static L:\Software\Projects\Git\MicrochipCoff\Examples\ASM\DioLAN\src\boot.asm
usb_sm_HID_rq_dsc_rpt_end   0x00060e    program     static L:\Software\Projects\Git\MicrochipCoff\Examples\ASM\DioLAN\src\boot.asm
usb_sm_HID_rq_dsc_unknown   0x0005f6    program     static L:\Software\Projects\Git\MicrochipCoff\Examples\ASM\DioLAN\src\boot.asm
       usb_sm_HID_rq_rcpt   0x0005da    program     static L:\Software\Projects\Git\MicrochipCoff\Examples\ASM\DioLAN\src\boot.asm
    usb_sm_HID_rq_rcpt_id   0x0005e2    program     static L:\Software\Projects\Git\MicrochipCoff\Examples\ASM\DioLAN\src\boot.asm
              usb_sm_ctrl   0x000276    program     extern L:\Software\Projects\Git\MicrochipCoff\Examples\ASM\DioLAN\src\usb.asm
     usb_sm_ctrl_copy_pkt   0x000286    program     static L:\Software\Projects\Git\MicrochipCoff\Examples\ASM\DioLAN\src\usb.asm
          usb_sm_ctrl_end   0x0002b0    program     static L:\Software\Projects\Git\MicrochipCoff\Examples\ASM\DioLAN\src\usb.asm
           usb_sm_ctrl_in   0x0002c8    program     extern L:\Software\Projects\Git\MicrochipCoff\Examples\ASM\DioLAN\src\usb.asm
      usb_sm_ctrl_in_addr   0x0002d6    program     static L:\Software\Projects\Git\MicrochipCoff\Examples\ASM\DioLAN\src\usb.asm
  usb_sm_ctrl_in_addr_end   0x0002e6    program     static L:\Software\Projects\Git\MicrochipCoff\Examples\ASM\DioLAN\src\usb.asm
     usb_sm_ctrl_in_token   0x0002a8    program     static L:\Software\Projects\Git\MicrochipCoff\Examples\ASM\DioLAN\src\usb.asm
        usb_sm_ctrl_in_tx   0x0002ec    program     static L:\Software\Projects\Git\MicrochipCoff\Examples\ASM\DioLAN\src\usb.asm
    usb_sm_ctrl_in_tx_end   0x0002f8    program     static L:\Software\Projects\Git\MicrochipCoff\Examples\ASM\DioLAN\src\usb.asm
          usb_sm_ctrl_out   0x0002b2    program     extern L:\Software\Projects\Git\MicrochipCoff\Examples\ASM\DioLAN\src\usb.asm
    usb_sm_ctrl_out_setup   0x000298    program     static L:\Software\Projects\Git\MicrochipCoff\Examples\ASM\DioLAN\src\usb.asm
    usb_sm_ctrl_out_token   0x0002a4    program     static L:\Software\Projects\Git\MicrochipCoff\Examples\ASM\DioLAN\src\usb.asm
   usb_sm_ctrl_out_trf_rx   0x0002b8    program     static L:\Software\Projects\Git\MicrochipCoff\Examples\ASM\DioLAN\src\usb.asm
usb_sm_ctrl_out_trf_rx_end   0x0002c4    program     static L:\Software\Projects\Git\MicrochipCoff\Examples\ASM\DioLAN\src\usb.asm
      usb_sm_ctrl_process   0x00028e    program     static L:\Software\Projects\Git\MicrochipCoff\Examples\ASM\DioLAN\src\usb.asm
           usb_sm_ctrl_rx   0x0002fc    program     extern L:\Software\Projects\Git\MicrochipCoff\Examples\ASM\DioLAN\src\usb.asm
      usb_sm_ctrl_rx_read   0x00030e    program     static L:\Software\Projects\Git\MicrochipCoff\Examples\ASM\DioLAN\src\usb.asm
  usb_sm_ctrl_rx_read_end   0x00031e    program     static L:\Software\Projects\Git\MicrochipCoff\Examples\ASM\DioLAN\src\usb.asm
        usb_sm_ctrl_setup   0x000370    program     extern L:\Software\Projects\Git\MicrochipCoff\Examples\ASM\DioLAN\src\usb.asm
  usb_sm_ctrl_setup_clsrq   0x000474    program     static L:\Software\Projects\Git\MicrochipCoff\Examples\ASM\DioLAN\src\usb.asm
usb_sm_ctrl_setup_clsrq_end   0x000478    program     static L:\Software\Projects\Git\MicrochipCoff\Examples\ASM\DioLAN\src\usb.asm
usb_sm_ctrl_setup_dsc_cfg   0x000402    program     static L:\Software\Projects\Git\MicrochipCoff\Examples\ASM\DioLAN\src\usb.asm
usb_sm_ctrl_setup_dsc_cfg_end   0x00040a    program     static L:\Software\Projects\Git\MicrochipCoff\Examples\ASM\DioLAN\src\usb.asm
usb_sm_ctrl_setup_dsc_dev   0x0003fa    program     static L:\Software\Projects\Git\MicrochipCoff\Examples\ASM\DioLAN\src\usb.asm
usb_sm_ctrl_setup_dsc_dev_end   0x000402    program     static L:\Software\Projects\Git\MicrochipCoff\Examples\ASM\DioLAN\src\usb.asm
 usb_sm_ctrl_setup_dsc_ep   0x000420    program     static L:\Software\Projects\Git\MicrochipCoff\Examples\ASM\DioLAN\src\usb.asm
usb_sm_ctrl_setup_dsc_ep_end   0x000420    program     static L:\Software\Projects\Git\MicrochipCoff\Examples\ASM\DioLAN\src\usb.asm
 usb_sm_ctrl_setup_dsc_if   0x00041e    program     static L:\Software\Projects\Git\MicrochipCoff\Examples\ASM\DioLAN\src\usb.asm
usb_sm_ctrl_setup_dsc_if_end   0x00041e    program     static L:\Software\Projects\Git\MicrochipCoff\Examples\ASM\DioLAN\src\usb.asm
usb_sm_ctrl_setup_dsc_str   0x00040a    program     static L:\Software\Projects\Git\MicrochipCoff\Examples\ASM\DioLAN\src\usb.asm
usb_sm_ctrl_setup_dsc_str_end   0x00041c    program     static L:\Software\Projects\Git\MicrochipCoff\Examples\ASM\DioLAN\src\usb.asm
usb_sm_ctrl_setup_dsc_str_lng   0x00040e    program     static L:\Software\Projects\Git\MicrochipCoff\Examples\ASM\DioLAN\src\usb.asm
usb_sm_ctrl_setup_dsc_str_mfg   0x000416    program     static L:\Software\Projects\Git\MicrochipCoff\Examples\ASM\DioLAN\src\usb.asm
usb_sm_ctrl_setup_dsc_unknown   0x0003f6    program     static L:\Software\Projects\Git\MicrochipCoff\Examples\ASM\DioLAN\src\usb.asm
    usb_sm_ctrl_setup_end   0x00047a    program     static L:\Software\Projects\Git\MicrochipCoff\Examples\ASM\DioLAN\src\usb.asm
 usb_sm_ctrl_setup_end_in   0x00048c    program     static L:\Software\Projects\Git\MicrochipCoff\Examples\ASM\DioLAN\src\usb.asm
usb_sm_ctrl_setup_end_in_out   0x0004e2    program     static L:\Software\Projects\Git\MicrochipCoff\Examples\ASM\DioLAN\src\usb.asm
usb_sm_ctrl_setup_end_null   0x000488    program     static L:\Software\Projects\Git\MicrochipCoff\Examples\ASM\DioLAN\src\usb.asm
usb_sm_ctrl_setup_end_out   0x0004c4    program     static L:\Software\Projects\Git\MicrochipCoff\Examples\ASM\DioLAN\src\usb.asm
usb_sm_ctrl_setup_end_run_c   0x000480    program     static L:\Software\Projects\Git\MicrochipCoff\Examples\ASM\DioLAN\src\usb.asm
 usb_sm_ctrl_setup_rqtype   0x000378    program     static L:\Software\Projects\Git\MicrochipCoff\Examples\ASM\DioLAN\src\usb.asm
usb_sm_ctrl_setup_rqtype_end   0x000388    program     static L:\Software\Projects\Git\MicrochipCoff\Examples\ASM\DioLAN\src\usb.asm
  usb_sm_ctrl_setup_sdtrq   0x000388    program     static L:\Software\Projects\Git\MicrochipCoff\Examples\ASM\DioLAN\src\usb.asm
usb_sm_ctrl_setup_sdtrq_clrf   0x0003d4    program     static L:\Software\Projects\Git\MicrochipCoff\Examples\ASM\DioLAN\src\usb.asm
usb_sm_ctrl_setup_sdtrq_clrf_end   0x0003d4    program     static L:\Software\Projects\Git\MicrochipCoff\Examples\ASM\DioLAN\src\usb.asm
usb_sm_ctrl_setup_sdtrq_end   0x000472    program     static L:\Software\Projects\Git\MicrochipCoff\Examples\ASM\DioLAN\src\usb.asm
usb_sm_ctrl_setup_sdtrq_getc   0x00042a    program     static L:\Software\Projects\Git\MicrochipCoff\Examples\ASM\DioLAN\src\usb.asm
usb_sm_ctrl_setup_sdtrq_getc_end   0x00043c    program     static L:\Software\Projects\Git\MicrochipCoff\Examples\ASM\DioLAN\src\usb.asm
usb_sm_ctrl_setup_sdtrq_getd   0x0003de    program     static L:\Software\Projects\Git\MicrochipCoff\Examples\ASM\DioLAN\src\usb.asm
usb_sm_ctrl_setup_sdtrq_getd_end   0x000422    program     static L:\Software\Projects\Git\MicrochipCoff\Examples\ASM\DioLAN\src\usb.asm
usb_sm_ctrl_setup_sdtrq_geti   0x000456    program     static L:\Software\Projects\Git\MicrochipCoff\Examples\ASM\DioLAN\src\usb.asm
usb_sm_ctrl_setup_sdtrq_geti_end   0x000466    program     static L:\Software\Projects\Git\MicrochipCoff\Examples\ASM\DioLAN\src\usb.asm
usb_sm_ctrl_setup_sdtrq_gets   0x0003ba    program     static L:\Software\Projects\Git\MicrochipCoff\Examples\ASM\DioLAN\src\usb.asm
usb_sm_ctrl_setup_sdtrq_gets_end   0x0003d2    program     static L:\Software\Projects\Git\MicrochipCoff\Examples\ASM\DioLAN\src\usb.asm
usb_sm_ctrl_setup_sdtrq_seta   0x0003d6    program     static L:\Software\Projects\Git\MicrochipCoff\Examples\ASM\DioLAN\src\usb.asm
usb_sm_ctrl_setup_sdtrq_seta_end   0x0003de    program     static L:\Software\Projects\Git\MicrochipCoff\Examples\ASM\DioLAN\src\usb.asm
usb_sm_ctrl_setup_sdtrq_setc   0x00043c    program     static L:\Software\Projects\Git\MicrochipCoff\Examples\ASM\DioLAN\src\usb.asm
usb_sm_ctrl_setup_sdtrq_setc_0   0x000450    program     static L:\Software\Projects\Git\MicrochipCoff\Examples\ASM\DioLAN\src\usb.asm
usb_sm_ctrl_setup_sdtrq_setc_end   0x000454    program     static L:\Software\Projects\Git\MicrochipCoff\Examples\ASM\DioLAN\src\usb.asm
usb_sm_ctrl_setup_sdtrq_setc_x   0x000448    program     static L:\Software\Projects\Git\MicrochipCoff\Examples\ASM\DioLAN\src\usb.asm
usb_sm_ctrl_setup_sdtrq_setd   0x000428    program     static L:\Software\Projects\Git\MicrochipCoff\Examples\ASM\DioLAN\src\usb.asm
usb_sm_ctrl_setup_sdtrq_setd_end   0x000428    program     static L:\Software\Projects\Git\MicrochipCoff\Examples\ASM\DioLAN\src\usb.asm
usb_sm_ctrl_setup_sdtrq_setf   0x0003d4    program     static L:\Software\Projects\Git\MicrochipCoff\Examples\ASM\DioLAN\src\usb.asm
usb_sm_ctrl_setup_sdtrq_setf_end   0x0003d4    program     static L:\Software\Projects\Git\MicrochipCoff\Examples\ASM\DioLAN\src\usb.asm
usb_sm_ctrl_setup_sdtrq_seti   0x000468    program     static L:\Software\Projects\Git\MicrochipCoff\Examples\ASM\DioLAN\src\usb.asm
usb_sm_ctrl_setup_sdtrq_seti_end   0x00046e    program     static L:\Software\Projects\Git\MicrochipCoff\Examples\ASM\DioLAN\src\usb.asm
usb_sm_ctrl_setup_sdtrq_sf   0x000470    program     static L:\Software\Projects\Git\MicrochipCoff\Examples\ASM\DioLAN\src\usb.asm
usb_sm_ctrl_setup_sdtrq_sf_end   0x000470    program     static L:\Software\Projects\Git\MicrochipCoff\Examples\ASM\DioLAN\src\usb.asm
usb_sm_ctrl_setup_stall_ep   0x000478    program     static L:\Software\Projects\Git\MicrochipCoff\Examples\ASM\DioLAN\src\usb.asm
usb_sm_ctrl_setup_stall_ep_end   0x00047a    program     static L:\Software\Projects\Git\MicrochipCoff\Examples\ASM\DioLAN\src\usb.asm
  usb_sm_ctrl_setup_token   0x0002a0    program     static L:\Software\Projects\Git\MicrochipCoff\Examples\ASM\DioLAN\src\usb.asm
           usb_sm_ctrl_tx   0x000320    program     extern L:\Software\Projects\Git\MicrochipCoff\Examples\ASM\DioLAN\src\usb.asm
       usb_sm_ctrl_tx_end   0x00036e    program     static L:\Software\Projects\Git\MicrochipCoff\Examples\ASM\DioLAN\src\usb.asm
       usb_sm_ctrl_tx_ram   0x00033a    program     static L:\Software\Projects\Git\MicrochipCoff\Examples\ASM\DioLAN\src\usb.asm
 usb_sm_ctrl_tx_ram_write   0x000346    program     static L:\Software\Projects\Git\MicrochipCoff\Examples\ASM\DioLAN\src\usb.asm
       usb_sm_ctrl_tx_rom   0x000358    program     static L:\Software\Projects\Git\MicrochipCoff\Examples\ASM\DioLAN\src\usb.asm
 usb_sm_ctrl_tx_rom_write   0x000360    program     static L:\Software\Projects\Git\MicrochipCoff\Examples\ASM\DioLAN\src\usb.asm
  usb_sm_ctrl_tx_size_end   0x000328    program     static L:\Software\Projects\Git\MicrochipCoff\Examples\ASM\DioLAN\src\usb.asm
usb_sm_prepare_next_setup_trf   0x000254    program     extern L:\Software\Projects\Git\MicrochipCoff\Examples\ASM\DioLAN\src\usb.asm
             usb_sm_reset   0x000234    program     extern L:\Software\Projects\Git\MicrochipCoff\Examples\ASM\DioLAN\src\usb.asm
       usb_sm_reset_trnif   0x000240    program     static L:\Software\Projects\Git\MicrochipCoff\Examples\ASM\DioLAN\src\usb.asm
   usb_sm_reset_trnif_end   0x000248    program     static L:\Software\Projects\Git\MicrochipCoff\Examples\ASM\DioLAN\src\usb.asm
            usb_stall_ep0   0x0004e4    program     static L:\Software\Projects\Git\MicrochipCoff\Examples\ASM\DioLAN\src\usb.asm
        usb_state_machine   0x00052c    program     extern L:\Software\Projects\Git\MicrochipCoff\Examples\ASM\DioLAN\src\boot.asm
  usb_state_machine_actif   0x00052c    program     static L:\Software\Projects\Git\MicrochipCoff\Examples\ASM\DioLAN\src\boot.asm
usb_state_machine_actif_end   0x00053a    program     static L:\Software\Projects\Git\MicrochipCoff\Examples\ASM\DioLAN\src\boot.asm
    usb_state_machine_err   0x00057a    program     static L:\Software\Projects\Git\MicrochipCoff\Examples\ASM\DioLAN\src\boot.asm
usb_state_machine_err_end   0x000584    program     static L:\Software\Projects\Git\MicrochipCoff\Examples\ASM\DioLAN\src\boot.asm
 usb_state_machine_idleif   0x000548    program     static L:\Software\Projects\Git\MicrochipCoff\Examples\ASM\DioLAN\src\boot.asm
usb_state_machine_idleif_end   0x00055e    program     static L:\Software\Projects\Git\MicrochipCoff\Examples\ASM\DioLAN\src\boot.asm
  usb_state_machine_rstif   0x00053e    program     static L:\Software\Projects\Git\MicrochipCoff\Examples\ASM\DioLAN\src\boot.asm
usb_state_machine_rstif_end   0x000548    program     static L:\Software\Projects\Git\MicrochipCoff\Examples\ASM\DioLAN\src\boot.asm
    usb_state_machine_sof   0x00055e    program     static L:\Software\Projects\Git\MicrochipCoff\Examples\ASM\DioLAN\src\boot.asm
usb_state_machine_sof_end   0x000568    program     static L:\Software\Projects\Git\MicrochipCoff\Examples\ASM\DioLAN\src\boot.asm
usb_state_machine_stallif   0x000568    program     static L:\Software\Projects\Git\MicrochipCoff\Examples\ASM\DioLAN\src\boot.asm
usb_state_machine_stallif_clr   0x000578    program     static L:\Software\Projects\Git\MicrochipCoff\Examples\ASM\DioLAN\src\boot.asm
usb_state_machine_stallif_end   0x00057a    program     static L:\Software\Projects\Git\MicrochipCoff\Examples\ASM\DioLAN\src\boot.asm
  usb_state_machine_trnif   0x00058a    program     static L:\Software\Projects\Git\MicrochipCoff\Examples\ASM\DioLAN\src\boot.asm
usb_state_machine_trnif_end   0x000596    program     static L:\Software\Projects\Git\MicrochipCoff\Examples\ASM\DioLAN\src\boot.asm
               write_code   0x0000c0    program     static L:\Software\Projects\Git\MicrochipCoff\Examples\ASM\DioLAN\src\boot_asm.asm
          write_code_loop   0x0000cc    program     static L:\Software\Projects\Git\MicrochipCoff\Examples\ASM\DioLAN\src\boot_asm.asm
           write_eep_mark   0x0001da    program     static L:\Software\Projects\Git\MicrochipCoff\Examples\ASM\DioLAN\src\boot_asm.asm
             write_eeprom   0x00011e    program     static L:\Software\Projects\Git\MicrochipCoff\Examples\ASM\DioLAN\src\boot_asm.asm
        write_eeprom_loop   0x000124    program     static L:\Software\Projects\Git\MicrochipCoff\Examples\ASM\DioLAN\src\boot_asm.asm
                 write_id   0x0000f6    program     static L:\Software\Projects\Git\MicrochipCoff\Examples\ASM\DioLAN\src\boot_asm.asm
            write_id_loop   0x000100    program     static L:\Software\Projects\Git\MicrochipCoff\Examples\ASM\DioLAN\src\boot_asm.asm
            xor_tmp1_tmp2   0x00079e    program     static L:\Software\Projects\Git\MicrochipCoff\Examples\ASM\DioLAN\src\xtea.asm
              xtea_decode   0x000688    program     extern L:\Software\Projects\Git\MicrochipCoff\Examples\ASM\DioLAN\src\xtea.asm
         xtea_decode_iter   0x000698    program     static L:\Software\Projects\Git\MicrochipCoff\Examples\ASM\DioLAN\src\xtea.asm
         xtea_decode_loop   0x000692    program     static L:\Software\Projects\Git\MicrochipCoff\Examples\ASM\DioLAN\src\xtea.asm
              xtea_encode   0x000656    program     extern L:\Software\Projects\Git\MicrochipCoff\Examples\ASM\DioLAN\src\xtea.asm
         xtea_encode_iter   0x000662    program     static L:\Software\Projects\Git\MicrochipCoff\Examples\ASM\DioLAN\src\xtea.asm
         xtea_encode_loop   0x000660    program     static L:\Software\Projects\Git\MicrochipCoff\Examples\ASM\DioLAN\src\xtea.asm
                xtea_init   0x0006ae    program     static L:\Software\Projects\Git\MicrochipCoff\Examples\ASM\DioLAN\src\xtea.asm
          xtea_init_iters   0x0006ca    program     static L:\Software\Projects\Git\MicrochipCoff\Examples\ASM\DioLAN\src\xtea.asm
                    Count   0x00001b       data     extern L:\Software\Projects\Git\MicrochipCoff\Examples\ASM\DioLAN\src\usb.asm
              CtrlTrfData   0x000450       data     extern L:\Software\Projects\Git\MicrochipCoff\Examples\ASM\DioLAN\src\usb.asm
                 SetupPkt   0x000410       data     extern L:\Software\Projects\Git\MicrochipCoff\Examples\ASM\DioLAN\src\usb.asm
             SetupPktCopy   0x000024       data     extern L:\Software\Projects\Git\MicrochipCoff\Examples\ASM\DioLAN\src\usb.asm
                     _fsr   0x00000e       data     extern L:\Software\Projects\Git\MicrochipCoff\Examples\ASM\DioLAN\src\xtea.asm
                     _sum   0x000000       data     static L:\Software\Projects\Git\MicrochipCoff\Examples\ASM\DioLAN\src\xtea.asm
          active_protocol   0x00002e       data     extern L:\Software\Projects\Git\MicrochipCoff\Examples\ASM\DioLAN\src\boot.asm
                    bcntr   0x00000d       data     static L:\Software\Projects\Git\MicrochipCoff\Examples\ASM\DioLAN\src\xtea.asm
                 boot_cmd   0x000030       data     extern L:\Software\Projects\Git\MicrochipCoff\Examples\ASM\DioLAN\src\boot.asm
                 boot_rep   0x000070       data     extern L:\Software\Projects\Git\MicrochipCoff\Examples\ASM\DioLAN\src\boot.asm
             byte_to_read   0x00002c       data     static L:\Software\Projects\Git\MicrochipCoff\Examples\ASM\DioLAN\src\usb.asm
             byte_to_send   0x00002d       data     static L:\Software\Projects\Git\MicrochipCoff\Examples\ASM\DioLAN\src\usb.asm
                     cntr   0x000012       data     static L:\Software\Projects\Git\MicrochipCoff\Examples\ASM\DioLAN\src\boot_asm.asm
             ctrl_trf_mem   0x000022       data     extern L:\Software\Projects\Git\MicrochipCoff\Examples\ASM\DioLAN\src\usb.asm
   ctrl_trf_session_owner   0x000023       data     extern L:\Software\Projects\Git\MicrochipCoff\Examples\ASM\DioLAN\src\usb.asm
             eep_mark_set   0x000014       data     extern L:\Software\Projects\Git\MicrochipCoff\Examples\ASM\DioLAN\src\boot_asm.asm
                    ep0Bi   0x000404       data     extern L:\Software\Projects\Git\MicrochipCoff\Examples\ASM\DioLAN\src\usb.asm
                    ep0Bo   0x000400       data     extern L:\Software\Projects\Git\MicrochipCoff\Examples\ASM\DioLAN\src\usb.asm
                    ep1Bi   0x00040c       data     extern L:\Software\Projects\Git\MicrochipCoff\Examples\ASM\DioLAN\src\usb.asm
                    ep1Bo   0x000408       data     extern L:\Software\Projects\Git\MicrochipCoff\Examples\ASM\DioLAN\src\usb.asm
            hid_report_in   0x000540       data     extern L:\Software\Projects\Git\MicrochipCoff\Examples\ASM\DioLAN\src\boot.asm
           hid_report_out   0x000500       data     extern L:\Software\Projects\Git\MicrochipCoff\Examples\ASM\DioLAN\src\boot.asm
                   hold_r   0x000013       data     static L:\Software\Projects\Git\MicrochipCoff\Examples\ASM\DioLAN\src\boot_asm.asm
                idle_rate   0x00002f       data     extern L:\Software\Projects\Git\MicrochipCoff\Examples\ASM\DioLAN\src\boot.asm
                     iter   0x00000c       data     static L:\Software\Projects\Git\MicrochipCoff\Examples\ASM\DioLAN\src\xtea.asm
                     pDst   0x00001c       data     extern L:\Software\Projects\Git\MicrochipCoff\Examples\ASM\DioLAN\src\usb.asm
                     pSrc   0x00001e       data     extern L:\Software\Projects\Git\MicrochipCoff\Examples\ASM\DioLAN\src\usb.asm
                     tmp1   0x000004       data     static L:\Software\Projects\Git\MicrochipCoff\Examples\ASM\DioLAN\src\xtea.asm
                     tmp2   0x000008       data     static L:\Software\Projects\Git\MicrochipCoff\Examples\ASM\DioLAN\src\xtea.asm
                     tmpw   0x000015       data     static L:\Software\Projects\Git\MicrochipCoff\Examples\ASM\DioLAN\src\usb.asm
           usb_active_cfg   0x000019       data     extern L:\Software\Projects\Git\MicrochipCoff\Examples\ASM\DioLAN\src\usb.asm
             usb_alt_intf   0x00001a       data     extern L:\Software\Projects\Git\MicrochipCoff\Examples\ASM\DioLAN\src\usb.asm
        usb_sm_ctrl_state   0x000018       data     extern L:\Software\Projects\Git\MicrochipCoff\Examples\ASM\DioLAN\src\usb.asm
             usb_sm_state   0x000017       data     extern L:\Software\Projects\Git\MicrochipCoff\Examples\ASM\DioLAN\src\usb.asm



                              Symbols - Sorted by Address
                     Name    Address   Location    Storage File                     
                ---------  ---------  ---------  --------- ---------                
                 pre_main   0x00000c    program     static L:\Software\Projects\Git\MicrochipCoff\Examples\ASM\DioLAN\src\vectors.asm
             XTEA_KEY_VAL   0x00001c    program     static L:\Software\Projects\Git\MicrochipCoff\Examples\ASM\DioLAN\src\xtea.asm
                    DELTA   0x00002c    program     static L:\Software\Projects\Git\MicrochipCoff\Examples\ASM\DioLAN\src\xtea.asm
              MINUS_DELTA   0x000030    program     static L:\Software\Projects\Git\MicrochipCoff\Examples\ASM\DioLAN\src\xtea.asm
               DELTA_ITER   0x000034    program     static L:\Software\Projects\Git\MicrochipCoff\Examples\ASM\DioLAN\src\xtea.asm
     USB_DEV_DESC_bLength   0x000038    program     static L:\Software\Projects\Git\MicrochipCoff\Examples\ASM\DioLAN\src\usb_desc.asm
             USB_DEV_DESC   0x000038    program     extern L:\Software\Projects\Git\MicrochipCoff\Examples\ASM\DioLAN\src\usb_desc.asm
    USB_DEV_DESC_bDscType   0x000039    program     static L:\Software\Projects\Git\MicrochipCoff\Examples\ASM\DioLAN\src\usb_desc.asm
      USB_DEV_DESC_bcdUSB   0x00003a    program     static L:\Software\Projects\Git\MicrochipCoff\Examples\ASM\DioLAN\src\usb_desc.asm
     USB_DEV_DESC_bDevCls   0x00003c    program     static L:\Software\Projects\Git\MicrochipCoff\Examples\ASM\DioLAN\src\usb_desc.asm
  USB_DEV_DESC_bDevSubCls   0x00003d    program     static L:\Software\Projects\Git\MicrochipCoff\Examples\ASM\DioLAN\src\usb_desc.asm
USB_DEV_DESC_bDevProtocol   0x00003e    program     static L:\Software\Projects\Git\MicrochipCoff\Examples\ASM\DioLAN\src\usb_desc.asm
USB_DEV_DESC_bMaxPktSize0   0x00003f    program     static L:\Software\Projects\Git\MicrochipCoff\Examples\ASM\DioLAN\src\usb_desc.asm
    USB_DEV_DESC_idVendor   0x000040    program     static L:\Software\Projects\Git\MicrochipCoff\Examples\ASM\DioLAN\src\usb_desc.asm
   USB_DEV_DESC_idProduct   0x000042    program     static L:\Software\Projects\Git\MicrochipCoff\Examples\ASM\DioLAN\src\usb_desc.asm
   USB_DEV_DESC_bcdDevice   0x000044    program     static L:\Software\Projects\Git\MicrochipCoff\Examples\ASM\DioLAN\src\usb_desc.asm
        USB_DEV_DESC_iMfg   0x000046    program     static L:\Software\Projects\Git\MicrochipCoff\Examples\ASM\DioLAN\src\usb_desc.asm
    USB_DEV_DESC_iProduct   0x000047    program     static L:\Software\Projects\Git\MicrochipCoff\Examples\ASM\DioLAN\src\usb_desc.asm
  USB_DEV_DESC_iSerialNum   0x000048    program     static L:\Software\Projects\Git\MicrochipCoff\Examples\ASM\DioLAN\src\usb_desc.asm
     USB_DEV_DESC_bNumCfg   0x000049    program     static L:\Software\Projects\Git\MicrochipCoff\Examples\ASM\DioLAN\src\usb_desc.asm
         USB_DEV_DESC_end   0x00004a    program     extern L:\Software\Projects\Git\MicrochipCoff\Examples\ASM\DioLAN\src\usb_desc.asm
     USB_CFG_DESC_bLength   0x00004a    program     static L:\Software\Projects\Git\MicrochipCoff\Examples\ASM\DioLAN\src\usb_desc.asm
             USB_CFG_DESC   0x00004a    program     extern L:\Software\Projects\Git\MicrochipCoff\Examples\ASM\DioLAN\src\usb_desc.asm
    USB_CFG_DESC_bDscType   0x00004b    program     static L:\Software\Projects\Git\MicrochipCoff\Examples\ASM\DioLAN\src\usb_desc.asm
USB_CFG_DESC_wTotalLength   0x00004c    program     static L:\Software\Projects\Git\MicrochipCoff\Examples\ASM\DioLAN\src\usb_desc.asm
    USB_CFG_DESC_bNumIntf   0x00004e    program     static L:\Software\Projects\Git\MicrochipCoff\Examples\ASM\DioLAN\src\usb_desc.asm
   USB_CFG_DESC_bCfgValue   0x00004f    program     static L:\Software\Projects\Git\MicrochipCoff\Examples\ASM\DioLAN\src\usb_desc.asm
        USB_CFG_DESC_iCfg   0x000050    program     static L:\Software\Projects\Git\MicrochipCoff\Examples\ASM\DioLAN\src\usb_desc.asm
USB_CFG_DESC_bmAttributes   0x000051    program     static L:\Software\Projects\Git\MicrochipCoff\Examples\ASM\DioLAN\src\usb_desc.asm
   USB_CFG_DESC_bMaxPower   0x000052    program     static L:\Software\Projects\Git\MicrochipCoff\Examples\ASM\DioLAN\src\usb_desc.asm
              USB_IF_DESC   0x000053    program     extern L:\Software\Projects\Git\MicrochipCoff\Examples\ASM\DioLAN\src\usb_desc.asm
      USB_IF_DESC_bLength   0x000053    program     static L:\Software\Projects\Git\MicrochipCoff\Examples\ASM\DioLAN\src\usb_desc.asm
         USB_CFG_DESC_end   0x000053    program     extern L:\Software\Projects\Git\MicrochipCoff\Examples\ASM\DioLAN\src\usb_desc.asm
     USB_IF_DESC_bDscType   0x000054    program     static L:\Software\Projects\Git\MicrochipCoff\Examples\ASM\DioLAN\src\usb_desc.asm
     USB_IF_DESC_bIntfNum   0x000055    program     static L:\Software\Projects\Git\MicrochipCoff\Examples\ASM\DioLAN\src\usb_desc.asm
  USB_IF_DESC_bAltSetting   0x000056    program     static L:\Software\Projects\Git\MicrochipCoff\Examples\ASM\DioLAN\src\usb_desc.asm
      USB_IF_DESC_bNumEPs   0x000057    program     static L:\Software\Projects\Git\MicrochipCoff\Examples\ASM\DioLAN\src\usb_desc.asm
     USB_IF_DESC_bIntfCls   0x000058    program     static L:\Software\Projects\Git\MicrochipCoff\Examples\ASM\DioLAN\src\usb_desc.asm
  USB_IF_DESC_bIntfSubCls   0x000059    program     static L:\Software\Projects\Git\MicrochipCoff\Examples\ASM\DioLAN\src\usb_desc.asm
USB_IF_DESC_bIntfProtocol   0x00005a    program     static L:\Software\Projects\Git\MicrochipCoff\Examples\ASM\DioLAN\src\usb_desc.asm
        USB_IF_DESC_iIntf   0x00005b    program     static L:\Software\Projects\Git\MicrochipCoff\Examples\ASM\DioLAN\src\usb_desc.asm
     USB_HID_DESC_bLength   0x00005c    program     static L:\Software\Projects\Git\MicrochipCoff\Examples\ASM\DioLAN\src\usb_desc.asm
             USB_HID_DESC   0x00005c    program     extern L:\Software\Projects\Git\MicrochipCoff\Examples\ASM\DioLAN\src\usb_desc.asm
          USB_IF_DESC_end   0x00005c    program     extern L:\Software\Projects\Git\MicrochipCoff\Examples\ASM\DioLAN\src\usb_desc.asm
    USB_HID_DESC_bDscType   0x00005d    program     static L:\Software\Projects\Git\MicrochipCoff\Examples\ASM\DioLAN\src\usb_desc.asm
      USB_HID_DESC_bcdHID   0x00005e    program     static L:\Software\Projects\Git\MicrochipCoff\Examples\ASM\DioLAN\src\usb_desc.asm
USB_HID_DESC_bCountryCode   0x000060    program     static L:\Software\Projects\Git\MicrochipCoff\Examples\ASM\DioLAN\src\usb_desc.asm
     USB_HID_DESC_bNumDsc   0x000061    program     static L:\Software\Projects\Git\MicrochipCoff\Examples\ASM\DioLAN\src\usb_desc.asm
USB_HID_DESC_HDR_bDscType   0x000062    program     static L:\Software\Projects\Git\MicrochipCoff\Examples\ASM\DioLAN\src\usb_desc.asm
  USB_HID_DESC_wDscLength   0x000063    program     static L:\Software\Projects\Git\MicrochipCoff\Examples\ASM\DioLAN\src\usb_desc.asm
         USB_HID_DESC_end   0x000065    program     extern L:\Software\Projects\Git\MicrochipCoff\Examples\ASM\DioLAN\src\usb_desc.asm
      USB_EP_DESC_bLength   0x000065    program     static L:\Software\Projects\Git\MicrochipCoff\Examples\ASM\DioLAN\src\usb_desc.asm
              USB_EP_DESC   0x000065    program     extern L:\Software\Projects\Git\MicrochipCoff\Examples\ASM\DioLAN\src\usb_desc.asm
     USB_EP_DESC_bDscType   0x000066    program     static L:\Software\Projects\Git\MicrochipCoff\Examples\ASM\DioLAN\src\usb_desc.asm
       USB_EP_DESC_bEPAdr   0x000067    program     static L:\Software\Projects\Git\MicrochipCoff\Examples\ASM\DioLAN\src\usb_desc.asm
 USB_EP_DESC_bmAttributes   0x000068    program     static L:\Software\Projects\Git\MicrochipCoff\Examples\ASM\DioLAN\src\usb_desc.asm
  USB_EP_DESC_wMaxPktSize   0x000069    program     static L:\Software\Projects\Git\MicrochipCoff\Examples\ASM\DioLAN\src\usb_desc.asm
    USB_EP_DESC_bInterval   0x00006b    program     static L:\Software\Projects\Git\MicrochipCoff\Examples\ASM\DioLAN\src\usb_desc.asm
   USB_CFG_DESC_Total_end   0x00006c    program     static L:\Software\Projects\Git\MicrochipCoff\Examples\ASM\DioLAN\src\usb_desc.asm
              USB_HID_RPT   0x00006c    program     extern L:\Software\Projects\Git\MicrochipCoff\Examples\ASM\DioLAN\src\usb_desc.asm
          USB_EP_DESC_end   0x00006c    program     extern L:\Software\Projects\Git\MicrochipCoff\Examples\ASM\DioLAN\src\usb_desc.asm
    USB_LANG_DESC_bLength   0x000083    program     static L:\Software\Projects\Git\MicrochipCoff\Examples\ASM\DioLAN\src\usb_desc.asm
            USB_LANG_DESC   0x000083    program     extern L:\Software\Projects\Git\MicrochipCoff\Examples\ASM\DioLAN\src\usb_desc.asm
          USB_HID_RPT_end   0x000083    program     extern L:\Software\Projects\Git\MicrochipCoff\Examples\ASM\DioLAN\src\usb_desc.asm
   USB_LANG_DESC_bDscType   0x000084    program     static L:\Software\Projects\Git\MicrochipCoff\Examples\ASM\DioLAN\src\usb_desc.asm
     USB_LANG_DESC_string   0x000085    program     static L:\Software\Projects\Git\MicrochipCoff\Examples\ASM\DioLAN\src\usb_desc.asm
     USB_MFG_DESC_bLength   0x000087    program     static L:\Software\Projects\Git\MicrochipCoff\Examples\ASM\DioLAN\src\usb_desc.asm
             USB_MFG_DESC   0x000087    program     extern L:\Software\Projects\Git\MicrochipCoff\Examples\ASM\DioLAN\src\usb_desc.asm
        USB_LANG_DESC_end   0x000087    program     extern L:\Software\Projects\Git\MicrochipCoff\Examples\ASM\DioLAN\src\usb_desc.asm
    USB_MFG_DESC_bDscType   0x000088    program     static L:\Software\Projects\Git\MicrochipCoff\Examples\ASM\DioLAN\src\usb_desc.asm
         USB_MFG_DESC_end   0x000095    program     extern L:\Software\Projects\Git\MicrochipCoff\Examples\ASM\DioLAN\src\usb_desc.asm
     USB_DESC_END_SECTION   0x000095    program     static L:\Software\Projects\Git\MicrochipCoff\Examples\ASM\DioLAN\src\usb_desc.asm
               erase_code   0x000098    program     static L:\Software\Projects\Git\MicrochipCoff\Examples\ASM\DioLAN\src\boot_asm.asm
          erase_code_loop   0x00009a    program     static L:\Software\Projects\Git\MicrochipCoff\Examples\ASM\DioLAN\src\boot_asm.asm
                read_code   0x0000ac    program     static L:\Software\Projects\Git\MicrochipCoff\Examples\ASM\DioLAN\src\boot_asm.asm
           read_code_loop   0x0000b2    program     static L:\Software\Projects\Git\MicrochipCoff\Examples\ASM\DioLAN\src\boot_asm.asm
               write_code   0x0000c0    program     static L:\Software\Projects\Git\MicrochipCoff\Examples\ASM\DioLAN\src\boot_asm.asm
          write_code_loop   0x0000cc    program     static L:\Software\Projects\Git\MicrochipCoff\Examples\ASM\DioLAN\src\boot_asm.asm
                  read_id   0x0000e2    program     static L:\Software\Projects\Git\MicrochipCoff\Examples\ASM\DioLAN\src\boot_asm.asm
             read_id_loop   0x0000e8    program     static L:\Software\Projects\Git\MicrochipCoff\Examples\ASM\DioLAN\src\boot_asm.asm
           rdwr_id_return   0x0000f2    program     static L:\Software\Projects\Git\MicrochipCoff\Examples\ASM\DioLAN\src\boot_asm.asm
                 write_id   0x0000f6    program     static L:\Software\Projects\Git\MicrochipCoff\Examples\ASM\DioLAN\src\boot_asm.asm
            write_id_loop   0x000100    program     static L:\Software\Projects\Git\MicrochipCoff\Examples\ASM\DioLAN\src\boot_asm.asm
             rdwr_id_init   0x00010e    program     static L:\Software\Projects\Git\MicrochipCoff\Examples\ASM\DioLAN\src\boot_asm.asm
             write_eeprom   0x00011e    program     static L:\Software\Projects\Git\MicrochipCoff\Examples\ASM\DioLAN\src\boot_asm.asm
        write_eeprom_loop   0x000124    program     static L:\Software\Projects\Git\MicrochipCoff\Examples\ASM\DioLAN\src\boot_asm.asm
      _BOOT_ASM_CODE_0094   0x00012c    program     static L:\Software\Projects\Git\MicrochipCoff\Examples\ASM\DioLAN\src\boot_asm.asm
              read_eeprom   0x000136    program     static L:\Software\Projects\Git\MicrochipCoff\Examples\ASM\DioLAN\src\boot_asm.asm
         read_eeprom_loop   0x00013c    program     static L:\Software\Projects\Git\MicrochipCoff\Examples\ASM\DioLAN\src\boot_asm.asm
              eeprom_init   0x00014a    program     static L:\Software\Projects\Git\MicrochipCoff\Examples\ASM\DioLAN\src\boot_asm.asm
          hid_process_cmd   0x000158    program     extern L:\Software\Projects\Git\MicrochipCoff\Examples\ASM\DioLAN\src\boot_asm.asm
              unknown_cmd   0x00018e    program     static L:\Software\Projects\Git\MicrochipCoff\Examples\ASM\DioLAN\src\boot_asm.asm
   return_hid_process_cmd   0x000192    program     static L:\Software\Projects\Git\MicrochipCoff\Examples\ASM\DioLAN\src\boot_asm.asm
           get_fw_version   0x000194    program     static L:\Software\Projects\Git\MicrochipCoff\Examples\ASM\DioLAN\src\boot_asm.asm
    bootloader_soft_reset   0x0001a2    program     extern L:\Software\Projects\Git\MicrochipCoff\Examples\ASM\DioLAN\src\boot_asm.asm
               soft_reset   0x0001a6    program     static L:\Software\Projects\Git\MicrochipCoff\Examples\ASM\DioLAN\src\boot_asm.asm
              soft_reset2   0x0001a8    program     static L:\Software\Projects\Git\MicrochipCoff\Examples\ASM\DioLAN\src\boot_asm.asm
      _BOOT_ASM_CODE_0118   0x0001b0    program     static L:\Software\Projects\Git\MicrochipCoff\Examples\ASM\DioLAN\src\boot_asm.asm
      _BOOT_ASM_CODE_011C   0x0001b4    program     static L:\Software\Projects\Git\MicrochipCoff\Examples\ASM\DioLAN\src\boot_asm.asm
            copy_boot_rep   0x0001b8    program     extern L:\Software\Projects\Git\MicrochipCoff\Examples\ASM\DioLAN\src\boot_asm.asm
       copy_boot_rep_loop   0x0001c4    program     static L:\Software\Projects\Git\MicrochipCoff\Examples\ASM\DioLAN\src\boot_asm.asm
             clr_eep_mark   0x0001d0    program     static L:\Software\Projects\Git\MicrochipCoff\Examples\ASM\DioLAN\src\boot_asm.asm
             set_eep_mark   0x0001d6    program     static L:\Software\Projects\Git\MicrochipCoff\Examples\ASM\DioLAN\src\boot_asm.asm
           write_eep_mark   0x0001da    program     static L:\Software\Projects\Git\MicrochipCoff\Examples\ASM\DioLAN\src\boot_asm.asm
      _BOOT_ASM_CODE_014E   0x0001e6    program     static L:\Software\Projects\Git\MicrochipCoff\Examples\ASM\DioLAN\src\boot_asm.asm
       load_address_size8   0x0001ec    program     static L:\Software\Projects\Git\MicrochipCoff\Examples\ASM\DioLAN\src\boot_asm.asm
             load_address   0x0001f4    program     static L:\Software\Projects\Git\MicrochipCoff\Examples\ASM\DioLAN\src\boot_asm.asm
              flash_write   0x000206    program     static L:\Software\Projects\Git\MicrochipCoff\Examples\ASM\DioLAN\src\boot_asm.asm
             eeprom_write   0x000208    program     static L:\Software\Projects\Git\MicrochipCoff\Examples\ASM\DioLAN\src\boot_asm.asm
                 usb_init   0x00021a    program     extern L:\Software\Projects\Git\MicrochipCoff\Examples\ASM\DioLAN\src\usb.asm
      _BOOT_ASM_CODE_000C   0x000226    program     static L:\Software\Projects\Git\MicrochipCoff\Examples\ASM\DioLAN\src\usb.asm
             usb_sm_reset   0x000234    program     extern L:\Software\Projects\Git\MicrochipCoff\Examples\ASM\DioLAN\src\usb.asm
       usb_sm_reset_trnif   0x000240    program     static L:\Software\Projects\Git\MicrochipCoff\Examples\ASM\DioLAN\src\usb.asm
   usb_sm_reset_trnif_end   0x000248    program     static L:\Software\Projects\Git\MicrochipCoff\Examples\ASM\DioLAN\src\usb.asm
usb_sm_prepare_next_setup_trf   0x000254    program     extern L:\Software\Projects\Git\MicrochipCoff\Examples\ASM\DioLAN\src\usb.asm
              usb_sm_ctrl   0x000276    program     extern L:\Software\Projects\Git\MicrochipCoff\Examples\ASM\DioLAN\src\usb.asm
     usb_sm_ctrl_copy_pkt   0x000286    program     static L:\Software\Projects\Git\MicrochipCoff\Examples\ASM\DioLAN\src\usb.asm
      usb_sm_ctrl_process   0x00028e    program     static L:\Software\Projects\Git\MicrochipCoff\Examples\ASM\DioLAN\src\usb.asm
    usb_sm_ctrl_out_setup   0x000298    program     static L:\Software\Projects\Git\MicrochipCoff\Examples\ASM\DioLAN\src\usb.asm
  usb_sm_ctrl_setup_token   0x0002a0    program     static L:\Software\Projects\Git\MicrochipCoff\Examples\ASM\DioLAN\src\usb.asm
    usb_sm_ctrl_out_token   0x0002a4    program     static L:\Software\Projects\Git\MicrochipCoff\Examples\ASM\DioLAN\src\usb.asm
     usb_sm_ctrl_in_token   0x0002a8    program     static L:\Software\Projects\Git\MicrochipCoff\Examples\ASM\DioLAN\src\usb.asm
          usb_sm_ctrl_end   0x0002b0    program     static L:\Software\Projects\Git\MicrochipCoff\Examples\ASM\DioLAN\src\usb.asm
          usb_sm_ctrl_out   0x0002b2    program     extern L:\Software\Projects\Git\MicrochipCoff\Examples\ASM\DioLAN\src\usb.asm
   usb_sm_ctrl_out_trf_rx   0x0002b8    program     static L:\Software\Projects\Git\MicrochipCoff\Examples\ASM\DioLAN\src\usb.asm
usb_sm_ctrl_out_trf_rx_end   0x0002c4    program     static L:\Software\Projects\Git\MicrochipCoff\Examples\ASM\DioLAN\src\usb.asm
           usb_sm_ctrl_in   0x0002c8    program     extern L:\Software\Projects\Git\MicrochipCoff\Examples\ASM\DioLAN\src\usb.asm
      _BOOT_ASM_CODE_00B4   0x0002ce    program     static L:\Software\Projects\Git\MicrochipCoff\Examples\ASM\DioLAN\src\usb.asm
      usb_sm_ctrl_in_addr   0x0002d6    program     static L:\Software\Projects\Git\MicrochipCoff\Examples\ASM\DioLAN\src\usb.asm
  usb_sm_ctrl_in_addr_end   0x0002e6    program     static L:\Software\Projects\Git\MicrochipCoff\Examples\ASM\DioLAN\src\usb.asm
        usb_sm_ctrl_in_tx   0x0002ec    program     static L:\Software\Projects\Git\MicrochipCoff\Examples\ASM\DioLAN\src\usb.asm
    usb_sm_ctrl_in_tx_end   0x0002f8    program     static L:\Software\Projects\Git\MicrochipCoff\Examples\ASM\DioLAN\src\usb.asm
           usb_sm_ctrl_rx   0x0002fc    program     extern L:\Software\Projects\Git\MicrochipCoff\Examples\ASM\DioLAN\src\usb.asm
      usb_sm_ctrl_rx_read   0x00030e    program     static L:\Software\Projects\Git\MicrochipCoff\Examples\ASM\DioLAN\src\usb.asm
  usb_sm_ctrl_rx_read_end   0x00031e    program     static L:\Software\Projects\Git\MicrochipCoff\Examples\ASM\DioLAN\src\usb.asm
           usb_sm_ctrl_tx   0x000320    program     extern L:\Software\Projects\Git\MicrochipCoff\Examples\ASM\DioLAN\src\usb.asm
  usb_sm_ctrl_tx_size_end   0x000328    program     static L:\Software\Projects\Git\MicrochipCoff\Examples\ASM\DioLAN\src\usb.asm
       usb_sm_ctrl_tx_ram   0x00033a    program     static L:\Software\Projects\Git\MicrochipCoff\Examples\ASM\DioLAN\src\usb.asm
 usb_sm_ctrl_tx_ram_write   0x000346    program     static L:\Software\Projects\Git\MicrochipCoff\Examples\ASM\DioLAN\src\usb.asm
       usb_sm_ctrl_tx_rom   0x000358    program     static L:\Software\Projects\Git\MicrochipCoff\Examples\ASM\DioLAN\src\usb.asm
 usb_sm_ctrl_tx_rom_write   0x000360    program     static L:\Software\Projects\Git\MicrochipCoff\Examples\ASM\DioLAN\src\usb.asm
       usb_sm_ctrl_tx_end   0x00036e    program     static L:\Software\Projects\Git\MicrochipCoff\Examples\ASM\DioLAN\src\usb.asm
        usb_sm_ctrl_setup   0x000370    program     extern L:\Software\Projects\Git\MicrochipCoff\Examples\ASM\DioLAN\src\usb.asm
 usb_sm_ctrl_setup_rqtype   0x000378    program     static L:\Software\Projects\Git\MicrochipCoff\Examples\ASM\DioLAN\src\usb.asm
usb_sm_ctrl_setup_rqtype_end   0x000388    program     static L:\Software\Projects\Git\MicrochipCoff\Examples\ASM\DioLAN\src\usb.asm
  usb_sm_ctrl_setup_sdtrq   0x000388    program     static L:\Software\Projects\Git\MicrochipCoff\Examples\ASM\DioLAN\src\usb.asm
usb_sm_ctrl_setup_sdtrq_gets   0x0003ba    program     static L:\Software\Projects\Git\MicrochipCoff\Examples\ASM\DioLAN\src\usb.asm
usb_sm_ctrl_setup_sdtrq_gets_end   0x0003d2    program     static L:\Software\Projects\Git\MicrochipCoff\Examples\ASM\DioLAN\src\usb.asm
usb_sm_ctrl_setup_sdtrq_setf   0x0003d4    program     static L:\Software\Projects\Git\MicrochipCoff\Examples\ASM\DioLAN\src\usb.asm
usb_sm_ctrl_setup_sdtrq_setf_end   0x0003d4    program     static L:\Software\Projects\Git\MicrochipCoff\Examples\ASM\DioLAN\src\usb.asm
usb_sm_ctrl_setup_sdtrq_clrf   0x0003d4    program     static L:\Software\Projects\Git\MicrochipCoff\Examples\ASM\DioLAN\src\usb.asm
usb_sm_ctrl_setup_sdtrq_clrf_end   0x0003d4    program     static L:\Software\Projects\Git\MicrochipCoff\Examples\ASM\DioLAN\src\usb.asm
usb_sm_ctrl_setup_sdtrq_seta   0x0003d6    program     static L:\Software\Projects\Git\MicrochipCoff\Examples\ASM\DioLAN\src\usb.asm
usb_sm_ctrl_setup_sdtrq_getd   0x0003de    program     static L:\Software\Projects\Git\MicrochipCoff\Examples\ASM\DioLAN\src\usb.asm
usb_sm_ctrl_setup_sdtrq_seta_end   0x0003de    program     static L:\Software\Projects\Git\MicrochipCoff\Examples\ASM\DioLAN\src\usb.asm
usb_sm_ctrl_setup_dsc_unknown   0x0003f6    program     static L:\Software\Projects\Git\MicrochipCoff\Examples\ASM\DioLAN\src\usb.asm
usb_sm_ctrl_setup_dsc_dev   0x0003fa    program     static L:\Software\Projects\Git\MicrochipCoff\Examples\ASM\DioLAN\src\usb.asm
usb_sm_ctrl_setup_dsc_cfg   0x000402    program     static L:\Software\Projects\Git\MicrochipCoff\Examples\ASM\DioLAN\src\usb.asm
usb_sm_ctrl_setup_dsc_dev_end   0x000402    program     static L:\Software\Projects\Git\MicrochipCoff\Examples\ASM\DioLAN\src\usb.asm
usb_sm_ctrl_setup_dsc_str   0x00040a    program     static L:\Software\Projects\Git\MicrochipCoff\Examples\ASM\DioLAN\src\usb.asm
usb_sm_ctrl_setup_dsc_cfg_end   0x00040a    program     static L:\Software\Projects\Git\MicrochipCoff\Examples\ASM\DioLAN\src\usb.asm
usb_sm_ctrl_setup_dsc_str_lng   0x00040e    program     static L:\Software\Projects\Git\MicrochipCoff\Examples\ASM\DioLAN\src\usb.asm
usb_sm_ctrl_setup_dsc_str_mfg   0x000416    program     static L:\Software\Projects\Git\MicrochipCoff\Examples\ASM\DioLAN\src\usb.asm
usb_sm_ctrl_setup_dsc_str_end   0x00041c    program     static L:\Software\Projects\Git\MicrochipCoff\Examples\ASM\DioLAN\src\usb.asm
usb_sm_ctrl_setup_dsc_if_end   0x00041e    program     static L:\Software\Projects\Git\MicrochipCoff\Examples\ASM\DioLAN\src\usb.asm
 usb_sm_ctrl_setup_dsc_if   0x00041e    program     static L:\Software\Projects\Git\MicrochipCoff\Examples\ASM\DioLAN\src\usb.asm
usb_sm_ctrl_setup_dsc_ep_end   0x000420    program     static L:\Software\Projects\Git\MicrochipCoff\Examples\ASM\DioLAN\src\usb.asm
 usb_sm_ctrl_setup_dsc_ep   0x000420    program     static L:\Software\Projects\Git\MicrochipCoff\Examples\ASM\DioLAN\src\usb.asm
usb_sm_ctrl_setup_sdtrq_getd_end   0x000422    program     static L:\Software\Projects\Git\MicrochipCoff\Examples\ASM\DioLAN\src\usb.asm
usb_sm_ctrl_setup_sdtrq_setd_end   0x000428    program     static L:\Software\Projects\Git\MicrochipCoff\Examples\ASM\DioLAN\src\usb.asm
usb_sm_ctrl_setup_sdtrq_setd   0x000428    program     static L:\Software\Projects\Git\MicrochipCoff\Examples\ASM\DioLAN\src\usb.asm
usb_sm_ctrl_setup_sdtrq_getc   0x00042a    program     static L:\Software\Projects\Git\MicrochipCoff\Examples\ASM\DioLAN\src\usb.asm
usb_sm_ctrl_setup_sdtrq_setc   0x00043c    program     static L:\Software\Projects\Git\MicrochipCoff\Examples\ASM\DioLAN\src\usb.asm
usb_sm_ctrl_setup_sdtrq_getc_end   0x00043c    program     static L:\Software\Projects\Git\MicrochipCoff\Examples\ASM\DioLAN\src\usb.asm
usb_sm_ctrl_setup_sdtrq_setc_x   0x000448    program     static L:\Software\Projects\Git\MicrochipCoff\Examples\ASM\DioLAN\src\usb.asm
usb_sm_ctrl_setup_sdtrq_setc_0   0x000450    program     static L:\Software\Projects\Git\MicrochipCoff\Examples\ASM\DioLAN\src\usb.asm
usb_sm_ctrl_setup_sdtrq_setc_end   0x000454    program     static L:\Software\Projects\Git\MicrochipCoff\Examples\ASM\DioLAN\src\usb.asm
usb_sm_ctrl_setup_sdtrq_geti   0x000456    program     static L:\Software\Projects\Git\MicrochipCoff\Examples\ASM\DioLAN\src\usb.asm
usb_sm_ctrl_setup_sdtrq_geti_end   0x000466    program     static L:\Software\Projects\Git\MicrochipCoff\Examples\ASM\DioLAN\src\usb.asm
usb_sm_ctrl_setup_sdtrq_seti   0x000468    program     static L:\Software\Projects\Git\MicrochipCoff\Examples\ASM\DioLAN\src\usb.asm
usb_sm_ctrl_setup_sdtrq_seti_end   0x00046e    program     static L:\Software\Projects\Git\MicrochipCoff\Examples\ASM\DioLAN\src\usb.asm
usb_sm_ctrl_setup_sdtrq_sf_end   0x000470    program     static L:\Software\Projects\Git\MicrochipCoff\Examples\ASM\DioLAN\src\usb.asm
usb_sm_ctrl_setup_sdtrq_sf   0x000470    program     static L:\Software\Projects\Git\MicrochipCoff\Examples\ASM\DioLAN\src\usb.asm
usb_sm_ctrl_setup_sdtrq_end   0x000472    program     static L:\Software\Projects\Git\MicrochipCoff\Examples\ASM\DioLAN\src\usb.asm
  usb_sm_ctrl_setup_clsrq   0x000474    program     static L:\Software\Projects\Git\MicrochipCoff\Examples\ASM\DioLAN\src\usb.asm
usb_sm_ctrl_setup_clsrq_end   0x000478    program     static L:\Software\Projects\Git\MicrochipCoff\Examples\ASM\DioLAN\src\usb.asm
usb_sm_ctrl_setup_stall_ep   0x000478    program     static L:\Software\Projects\Git\MicrochipCoff\Examples\ASM\DioLAN\src\usb.asm
usb_sm_ctrl_setup_stall_ep_end   0x00047a    program     static L:\Software\Projects\Git\MicrochipCoff\Examples\ASM\DioLAN\src\usb.asm
    usb_sm_ctrl_setup_end   0x00047a    program     static L:\Software\Projects\Git\MicrochipCoff\Examples\ASM\DioLAN\src\usb.asm
usb_sm_ctrl_setup_end_run_c   0x000480    program     static L:\Software\Projects\Git\MicrochipCoff\Examples\ASM\DioLAN\src\usb.asm
usb_sm_ctrl_setup_end_null   0x000488    program     static L:\Software\Projects\Git\MicrochipCoff\Examples\ASM\DioLAN\src\usb.asm
 usb_sm_ctrl_setup_end_in   0x00048c    program     static L:\Software\Projects\Git\MicrochipCoff\Examples\ASM\DioLAN\src\usb.asm
usb_sm_ctrl_setup_end_out   0x0004c4    program     static L:\Software\Projects\Git\MicrochipCoff\Examples\ASM\DioLAN\src\usb.asm
usb_sm_ctrl_setup_end_in_out   0x0004e2    program     static L:\Software\Projects\Git\MicrochipCoff\Examples\ASM\DioLAN\src\usb.asm
            usb_stall_ep0   0x0004e4    program     static L:\Software\Projects\Git\MicrochipCoff\Examples\ASM\DioLAN\src\usb.asm
                     main   0x000500    program     extern L:\Software\Projects\Git\MicrochipCoff\Examples\ASM\DioLAN\src\boot.asm
               bootloader   0x00051a    program     extern L:\Software\Projects\Git\MicrochipCoff\Examples\ASM\DioLAN\src\boot.asm
          bootloader_loop   0x000522    program     static L:\Software\Projects\Git\MicrochipCoff\Examples\ASM\DioLAN\src\boot.asm
  usb_state_machine_actif   0x00052c    program     static L:\Software\Projects\Git\MicrochipCoff\Examples\ASM\DioLAN\src\boot.asm
        usb_state_machine   0x00052c    program     extern L:\Software\Projects\Git\MicrochipCoff\Examples\ASM\DioLAN\src\boot.asm
usb_state_machine_actif_end   0x00053a    program     static L:\Software\Projects\Git\MicrochipCoff\Examples\ASM\DioLAN\src\boot.asm
  usb_state_machine_rstif   0x00053e    program     static L:\Software\Projects\Git\MicrochipCoff\Examples\ASM\DioLAN\src\boot.asm
 usb_state_machine_idleif   0x000548    program     static L:\Software\Projects\Git\MicrochipCoff\Examples\ASM\DioLAN\src\boot.asm
usb_state_machine_rstif_end   0x000548    program     static L:\Software\Projects\Git\MicrochipCoff\Examples\ASM\DioLAN\src\boot.asm
    usb_state_machine_sof   0x00055e    program     static L:\Software\Projects\Git\MicrochipCoff\Examples\ASM\DioLAN\src\boot.asm
usb_state_machine_idleif_end   0x00055e    program     static L:\Software\Projects\Git\MicrochipCoff\Examples\ASM\DioLAN\src\boot.asm
usb_state_machine_sof_end   0x000568    program     static L:\Software\Projects\Git\MicrochipCoff\Examples\ASM\DioLAN\src\boot.asm
usb_state_machine_stallif   0x000568    program     static L:\Software\Projects\Git\MicrochipCoff\Examples\ASM\DioLAN\src\boot.asm
usb_state_machine_stallif_clr   0x000578    program     static L:\Software\Projects\Git\MicrochipCoff\Examples\ASM\DioLAN\src\boot.asm
usb_state_machine_stallif_end   0x00057a    program     static L:\Software\Projects\Git\MicrochipCoff\Examples\ASM\DioLAN\src\boot.asm
    usb_state_machine_err   0x00057a    program     static L:\Software\Projects\Git\MicrochipCoff\Examples\ASM\DioLAN\src\boot.asm
usb_state_machine_err_end   0x000584    program     static L:\Software\Projects\Git\MicrochipCoff\Examples\ASM\DioLAN\src\boot.asm
  usb_state_machine_trnif   0x00058a    program     static L:\Software\Projects\Git\MicrochipCoff\Examples\ASM\DioLAN\src\boot.asm
usb_state_machine_trnif_end   0x000596    program     static L:\Software\Projects\Git\MicrochipCoff\Examples\ASM\DioLAN\src\boot.asm
       usb_sm_HID_init_EP   0x000598    program     extern L:\Software\Projects\Git\MicrochipCoff\Examples\ASM\DioLAN\src\boot.asm
          hid_send_report   0x0005b0    program     extern L:\Software\Projects\Git\MicrochipCoff\Examples\ASM\DioLAN\src\boot.asm
      hid_send_report_end   0x0005ce    program     static L:\Software\Projects\Git\MicrochipCoff\Examples\ASM\DioLAN\src\boot.asm
       usb_sm_HID_request   0x0005d0    program     extern L:\Software\Projects\Git\MicrochipCoff\Examples\ASM\DioLAN\src\boot.asm
       usb_sm_HID_rq_rcpt   0x0005da    program     static L:\Software\Projects\Git\MicrochipCoff\Examples\ASM\DioLAN\src\boot.asm
    usb_sm_HID_rq_rcpt_id   0x0005e2    program     static L:\Software\Projects\Git\MicrochipCoff\Examples\ASM\DioLAN\src\boot.asm
usb_sm_HID_rq_dsc_unknown   0x0005f6    program     static L:\Software\Projects\Git\MicrochipCoff\Examples\ASM\DioLAN\src\boot.asm
    usb_sm_HID_rq_dsc_hid   0x0005f8    program     static L:\Software\Projects\Git\MicrochipCoff\Examples\ASM\DioLAN\src\boot.asm
usb_sm_HID_rq_dsc_hid_end   0x000602    program     static L:\Software\Projects\Git\MicrochipCoff\Examples\ASM\DioLAN\src\boot.asm
    usb_sm_HID_rq_dsc_rpt   0x000604    program     static L:\Software\Projects\Git\MicrochipCoff\Examples\ASM\DioLAN\src\boot.asm
usb_sm_HID_rq_dsc_rpt_end   0x00060e    program     static L:\Software\Projects\Git\MicrochipCoff\Examples\ASM\DioLAN\src\boot.asm
usb_sm_HID_rq_dsc_phy_end   0x000610    program     static L:\Software\Projects\Git\MicrochipCoff\Examples\ASM\DioLAN\src\boot.asm
    usb_sm_HID_rq_dsc_phy   0x000610    program     static L:\Software\Projects\Git\MicrochipCoff\Examples\ASM\DioLAN\src\boot.asm
    usb_sm_HID_rq_dsc_end   0x000612    program     static L:\Software\Projects\Git\MicrochipCoff\Examples\ASM\DioLAN\src\boot.asm
        usb_sm_HID_rq_cls   0x00061a    program     static L:\Software\Projects\Git\MicrochipCoff\Examples\ASM\DioLAN\src\boot.asm
     usb_sm_HID_rq_cls_rq   0x000624    program     static L:\Software\Projects\Git\MicrochipCoff\Examples\ASM\DioLAN\src\boot.asm
usb_sm_HID_rq_cls_rq_unknown   0x00063e    program     static L:\Software\Projects\Git\MicrochipCoff\Examples\ASM\DioLAN\src\boot.asm
usb_sm_HID_rq_cls_rq_grpt   0x000640    program     static L:\Software\Projects\Git\MicrochipCoff\Examples\ASM\DioLAN\src\boot.asm
usb_sm_HID_rq_cls_rq_grpt_end   0x000642    program     static L:\Software\Projects\Git\MicrochipCoff\Examples\ASM\DioLAN\src\boot.asm
usb_sm_HID_rq_cls_rq_srpt   0x000644    program     static L:\Software\Projects\Git\MicrochipCoff\Examples\ASM\DioLAN\src\boot.asm
usb_sm_HID_rq_cls_rq_srpt_end   0x00064c    program     static L:\Software\Projects\Git\MicrochipCoff\Examples\ASM\DioLAN\src\boot.asm
 usb_sm_HID_rq_cls_rq_end   0x00064e    program     static L:\Software\Projects\Git\MicrochipCoff\Examples\ASM\DioLAN\src\boot.asm
usb_sm_HID_rq_cls_rq_end_ses   0x000652    program     static L:\Software\Projects\Git\MicrochipCoff\Examples\ASM\DioLAN\src\boot.asm
usb_sm_HID_rq_cls_rq_sprot   0x000654    program     static L:\Software\Projects\Git\MicrochipCoff\Examples\ASM\DioLAN\src\boot.asm
usb_sm_HID_rq_cls_rq_sidle   0x000654    program     static L:\Software\Projects\Git\MicrochipCoff\Examples\ASM\DioLAN\src\boot.asm
usb_sm_HID_rq_cls_rq_gprot   0x000654    program     static L:\Software\Projects\Git\MicrochipCoff\Examples\ASM\DioLAN\src\boot.asm
usb_sm_HID_rq_cls_rq_gidle   0x000654    program     static L:\Software\Projects\Git\MicrochipCoff\Examples\ASM\DioLAN\src\boot.asm
   usb_sm_HID_request_end   0x000654    program     static L:\Software\Projects\Git\MicrochipCoff\Examples\ASM\DioLAN\src\boot.asm
              xtea_encode   0x000656    program     extern L:\Software\Projects\Git\MicrochipCoff\Examples\ASM\DioLAN\src\xtea.asm
         xtea_encode_loop   0x000660    program     static L:\Software\Projects\Git\MicrochipCoff\Examples\ASM\DioLAN\src\xtea.asm
         xtea_encode_iter   0x000662    program     static L:\Software\Projects\Git\MicrochipCoff\Examples\ASM\DioLAN\src\xtea.asm
        restore_fsr1_fsr2   0x000676    program     extern L:\Software\Projects\Git\MicrochipCoff\Examples\ASM\DioLAN\src\xtea.asm
              xtea_decode   0x000688    program     extern L:\Software\Projects\Git\MicrochipCoff\Examples\ASM\DioLAN\src\xtea.asm
         xtea_decode_loop   0x000692    program     static L:\Software\Projects\Git\MicrochipCoff\Examples\ASM\DioLAN\src\xtea.asm
         xtea_decode_iter   0x000698    program     static L:\Software\Projects\Git\MicrochipCoff\Examples\ASM\DioLAN\src\xtea.asm
                xtea_init   0x0006ae    program     static L:\Software\Projects\Git\MicrochipCoff\Examples\ASM\DioLAN\src\xtea.asm
          store_fsr1_fsr2   0x0006b8    program     extern L:\Software\Projects\Git\MicrochipCoff\Examples\ASM\DioLAN\src\xtea.asm
          xtea_init_iters   0x0006ca    program     static L:\Software\Projects\Git\MicrochipCoff\Examples\ASM\DioLAN\src\xtea.asm
              after_iters   0x0006d8    program     static L:\Software\Projects\Git\MicrochipCoff\Examples\ASM\DioLAN\src\xtea.asm
                  calc_x1   0x0006e2    program     static L:\Software\Projects\Git\MicrochipCoff\Examples\ASM\DioLAN\src\xtea.asm
                  calc_x2   0x0006ec    program     static L:\Software\Projects\Git\MicrochipCoff\Examples\ASM\DioLAN\src\xtea.asm
       load_shift_xor_add   0x0006f4    program     static L:\Software\Projects\Git\MicrochipCoff\Examples\ASM\DioLAN\src\xtea.asm
          sum_key_xor_add   0x000704    program     static L:\Software\Projects\Git\MicrochipCoff\Examples\ASM\DioLAN\src\xtea.asm
          sum_key_xor_sub   0x00070c    program     static L:\Software\Projects\Git\MicrochipCoff\Examples\ASM\DioLAN\src\xtea.asm
               load_shift   0x000714    program     static L:\Software\Projects\Git\MicrochipCoff\Examples\ASM\DioLAN\src\xtea.asm
                   lsl4_0   0x00073c    program     static L:\Software\Projects\Git\MicrochipCoff\Examples\ASM\DioLAN\src\xtea.asm
                   lsl5_0   0x000752    program     static L:\Software\Projects\Git\MicrochipCoff\Examples\ASM\DioLAN\src\xtea.asm
            add_FSR1_tmp1   0x000764    program     static L:\Software\Projects\Git\MicrochipCoff\Examples\ASM\DioLAN\src\xtea.asm
                  _xtea_1   0x000774    program     static L:\Software\Projects\Git\MicrochipCoff\Examples\ASM\DioLAN\src\xtea.asm
            sub_FSR1_tmp1   0x000778    program     static L:\Software\Projects\Git\MicrochipCoff\Examples\ASM\DioLAN\src\xtea.asm
            add_tmp1_FSR2   0x00078a    program     static L:\Software\Projects\Git\MicrochipCoff\Examples\ASM\DioLAN\src\xtea.asm
            xor_tmp1_tmp2   0x00079e    program     static L:\Software\Projects\Git\MicrochipCoff\Examples\ASM\DioLAN\src\xtea.asm
                  sum_key   0x0007b0    program     static L:\Software\Projects\Git\MicrochipCoff\Examples\ASM\DioLAN\src\xtea.asm
            add_sum_const   0x0007c0    program     static L:\Software\Projects\Git\MicrochipCoff\Examples\ASM\DioLAN\src\xtea.asm
      add_FSR0_sum_TBLPTR   0x0007c6    program     static L:\Software\Projects\Git\MicrochipCoff\Examples\ASM\DioLAN\src\xtea.asm
            _APPSTRT_0800   0x000800    program     static L:\Software\Projects\Git\MicrochipCoff\Examples\ASM\DioLAN\src\vectors.asm
                     _sum   0x000000       data     static L:\Software\Projects\Git\MicrochipCoff\Examples\ASM\DioLAN\src\xtea.asm
                     tmp1   0x000004       data     static L:\Software\Projects\Git\MicrochipCoff\Examples\ASM\DioLAN\src\xtea.asm
                     tmp2   0x000008       data     static L:\Software\Projects\Git\MicrochipCoff\Examples\ASM\DioLAN\src\xtea.asm
                     iter   0x00000c       data     static L:\Software\Projects\Git\MicrochipCoff\Examples\ASM\DioLAN\src\xtea.asm
                    bcntr   0x00000d       data     static L:\Software\Projects\Git\MicrochipCoff\Examples\ASM\DioLAN\src\xtea.asm
                     _fsr   0x00000e       data     extern L:\Software\Projects\Git\MicrochipCoff\Examples\ASM\DioLAN\src\xtea.asm
                     cntr   0x000012       data     static L:\Software\Projects\Git\MicrochipCoff\Examples\ASM\DioLAN\src\boot_asm.asm
                   hold_r   0x000013       data     static L:\Software\Projects\Git\MicrochipCoff\Examples\ASM\DioLAN\src\boot_asm.asm
             eep_mark_set   0x000014       data     extern L:\Software\Projects\Git\MicrochipCoff\Examples\ASM\DioLAN\src\boot_asm.asm
                     tmpw   0x000015       data     static L:\Software\Projects\Git\MicrochipCoff\Examples\ASM\DioLAN\src\usb.asm
             usb_sm_state   0x000017       data     extern L:\Software\Projects\Git\MicrochipCoff\Examples\ASM\DioLAN\src\usb.asm
        usb_sm_ctrl_state   0x000018       data     extern L:\Software\Projects\Git\MicrochipCoff\Examples\ASM\DioLAN\src\usb.asm
           usb_active_cfg   0x000019       data     extern L:\Software\Projects\Git\MicrochipCoff\Examples\ASM\DioLAN\src\usb.asm
             usb_alt_intf   0x00001a       data     extern L:\Software\Projects\Git\MicrochipCoff\Examples\ASM\DioLAN\src\usb.asm
                    Count   0x00001b       data     extern L:\Software\Projects\Git\MicrochipCoff\Examples\ASM\DioLAN\src\usb.asm
                     pDst   0x00001c       data     extern L:\Software\Projects\Git\MicrochipCoff\Examples\ASM\DioLAN\src\usb.asm
                     pSrc   0x00001e       data     extern L:\Software\Projects\Git\MicrochipCoff\Examples\ASM\DioLAN\src\usb.asm
             ctrl_trf_mem   0x000022       data     extern L:\Software\Projects\Git\MicrochipCoff\Examples\ASM\DioLAN\src\usb.asm
   ctrl_trf_session_owner   0x000023       data     extern L:\Software\Projects\Git\MicrochipCoff\Examples\ASM\DioLAN\src\usb.asm
             SetupPktCopy   0x000024       data     extern L:\Software\Projects\Git\MicrochipCoff\Examples\ASM\DioLAN\src\usb.asm
             byte_to_read   0x00002c       data     static L:\Software\Projects\Git\MicrochipCoff\Examples\ASM\DioLAN\src\usb.asm
             byte_to_send   0x00002d       data     static L:\Software\Projects\Git\MicrochipCoff\Examples\ASM\DioLAN\src\usb.asm
          active_protocol   0x00002e       data     extern L:\Software\Projects\Git\MicrochipCoff\Examples\ASM\DioLAN\src\boot.asm
                idle_rate   0x00002f       data     extern L:\Software\Projects\Git\MicrochipCoff\Examples\ASM\DioLAN\src\boot.asm
                 boot_cmd   0x000030       data     extern L:\Software\Projects\Git\MicrochipCoff\Examples\ASM\DioLAN\src\boot.asm
                 boot_rep   0x000070       data     extern L:\Software\Projects\Git\MicrochipCoff\Examples\ASM\DioLAN\src\boot.asm
                    ep0Bo   0x000400       data     extern L:\Software\Projects\Git\MicrochipCoff\Examples\ASM\DioLAN\src\usb.asm
                    ep0Bi   0x000404       data     extern L:\Software\Projects\Git\MicrochipCoff\Examples\ASM\DioLAN\src\usb.asm
                    ep1Bo   0x000408       data     extern L:\Software\Projects\Git\MicrochipCoff\Examples\ASM\DioLAN\src\usb.asm
                    ep1Bi   0x00040c       data     extern L:\Software\Projects\Git\MicrochipCoff\Examples\ASM\DioLAN\src\usb.asm
                 SetupPkt   0x000410       data     extern L:\Software\Projects\Git\MicrochipCoff\Examples\ASM\DioLAN\src\usb.asm
              CtrlTrfData   0x000450       data     extern L:\Software\Projects\Git\MicrochipCoff\Examples\ASM\DioLAN\src\usb.asm
           hid_report_out   0x000500       data     extern L:\Software\Projects\Git\MicrochipCoff\Examples\ASM\DioLAN\src\boot.asm
            hid_report_in   0x000540       data     extern L:\Software\Projects\Git\MicrochipCoff\Examples\ASM\DioLAN\src\boot.asm


